<?xml version="1.0"?>
<link_info>
   <banner>MSP430 Linker PC v4.4.3</banner>
   <copyright>Copyright (c) 2003-2015 Texas Instruments Incorporated</copyright>
   <link_time>0x556f211c</link_time>
   <link_errors>0x0</link_errors>
   <output_file>Firmware.out</output_file>
   <entry_point>
      <name>_c_int00_noargs_noexit</name>
      <address>0x4bb6</address>
   </entry_point>
   <input_file_list>
      <input_file id="fl-2">
         <path>.\</path>
         <kind>object</kind>
         <file>host_interface.obj</file>
         <name>host_interface.obj</name>
      </input_file>
      <input_file id="fl-3">
         <path>.\</path>
         <kind>object</kind>
         <file>host_menu.obj</file>
         <name>host_menu.obj</name>
      </input_file>
      <input_file id="fl-4">
         <path>.\</path>
         <kind>object</kind>
         <file>init.obj</file>
         <name>init.obj</name>
      </input_file>
      <input_file id="fl-5">
         <path>.\</path>
         <kind>object</kind>
         <file>main.obj</file>
         <name>main.obj</name>
      </input_file>
      <input_file id="fl-6">
         <path>.\</path>
         <kind>object</kind>
         <file>scheduler.obj</file>
         <name>scheduler.obj</name>
      </input_file>
      <input_file id="fl-7">
         <path>.\</path>
         <kind>object</kind>
         <file>usbConstructs.obj</file>
         <name>usbConstructs.obj</name>
      </input_file>
      <input_file id="fl-8">
         <path>.\</path>
         <kind>object</kind>
         <file>usbEventHandling.obj</file>
         <name>usbEventHandling.obj</name>
      </input_file>
      <input_file id="fl-9">
         <path>.\library\</path>
         <kind>object</kind>
         <file>LDC13xx16xx_evm.obj</file>
         <name>LDC13xx16xx_evm.obj</name>
      </input_file>
      <input_file id="fl-a">
         <path>.\library\</path>
         <kind>object</kind>
         <file>crc8.obj</file>
         <name>crc8.obj</name>
      </input_file>
      <input_file id="fl-b">
         <path>.\library\</path>
         <kind>object</kind>
         <file>i2c.obj</file>
         <name>i2c.obj</name>
      </input_file>
      <input_file id="fl-c">
         <path>.\library\</path>
         <kind>object</kind>
         <file>pll.obj</file>
         <name>pll.obj</name>
      </input_file>
      <input_file id="fl-d">
         <path>.\library\</path>
         <kind>object</kind>
         <file>spi_1p1.obj</file>
         <name>spi_1p1.obj</name>
      </input_file>
      <input_file id="fl-e">
         <path>.\USB_config\</path>
         <kind>object</kind>
         <file>UsbIsr.obj</file>
         <name>UsbIsr.obj</name>
      </input_file>
      <input_file id="fl-f">
         <path>.\USB_config\</path>
         <kind>object</kind>
         <file>descriptors.obj</file>
         <name>descriptors.obj</name>
      </input_file>
      <input_file id="fl-10">
         <path>.\USB_API\USB_PHDC_API\</path>
         <kind>object</kind>
         <file>UsbPHDC.obj</file>
         <name>UsbPHDC.obj</name>
      </input_file>
      <input_file id="fl-11">
         <path>.\USB_API\USB_MSC_API\</path>
         <kind>object</kind>
         <file>UsbMscReq.obj</file>
         <name>UsbMscReq.obj</name>
      </input_file>
      <input_file id="fl-12">
         <path>.\USB_API\USB_MSC_API\</path>
         <kind>object</kind>
         <file>UsbMscScsi.obj</file>
         <name>UsbMscScsi.obj</name>
      </input_file>
      <input_file id="fl-13">
         <path>.\USB_API\USB_MSC_API\</path>
         <kind>object</kind>
         <file>UsbMscStateMachine.obj</file>
         <name>UsbMscStateMachine.obj</name>
      </input_file>
      <input_file id="fl-14">
         <path>.\USB_API\USB_HID_API\</path>
         <kind>object</kind>
         <file>UsbHid.obj</file>
         <name>UsbHid.obj</name>
      </input_file>
      <input_file id="fl-15">
         <path>.\USB_API\USB_HID_API\</path>
         <kind>object</kind>
         <file>UsbHidReq.obj</file>
         <name>UsbHidReq.obj</name>
      </input_file>
      <input_file id="fl-16">
         <path>.\USB_API\USB_Common\</path>
         <kind>object</kind>
         <file>dma.obj</file>
         <name>dma.obj</name>
      </input_file>
      <input_file id="fl-17">
         <path>.\USB_API\USB_Common\</path>
         <kind>object</kind>
         <file>usb.obj</file>
         <name>usb.obj</name>
      </input_file>
      <input_file id="fl-18">
         <path>.\USB_API\USB_CDC_API\</path>
         <kind>object</kind>
         <file>UsbCdc.obj</file>
         <name>UsbCdc.obj</name>
      </input_file>
      <input_file id="fl-19">
         <path>.\F5xx_F6xx_Core_Lib\</path>
         <kind>object</kind>
         <file>HAL_FLASH.obj</file>
         <name>HAL_FLASH.obj</name>
      </input_file>
      <input_file id="fl-1a">
         <path>.\F5xx_F6xx_Core_Lib\</path>
         <kind>object</kind>
         <file>HAL_PMAP.obj</file>
         <name>HAL_PMAP.obj</name>
      </input_file>
      <input_file id="fl-1b">
         <path>.\F5xx_F6xx_Core_Lib\</path>
         <kind>object</kind>
         <file>HAL_PMM.obj</file>
         <name>HAL_PMM.obj</name>
      </input_file>
      <input_file id="fl-1c">
         <path>.\F5xx_F6xx_Core_Lib\</path>
         <kind>object</kind>
         <file>HAL_TLV.obj</file>
         <name>HAL_TLV.obj</name>
      </input_file>
      <input_file id="fl-1d">
         <path>.\F5xx_F6xx_Core_Lib\</path>
         <kind>object</kind>
         <file>HAL_UCS.obj</file>
         <name>HAL_UCS.obj</name>
      </input_file>
      <input_file id="fl-4f">
         <path>C:\ti\ccsv6\tools\compiler\ti-cgt-msp430_4.4.3\lib\</path>
         <kind>archive</kind>
         <file>rts430x_lc_sd_eabi.lib</file>
         <name>boot.obj</name>
      </input_file>
      <input_file id="fl-50">
         <path>C:\ti\ccsv6\tools\compiler\ti-cgt-msp430_4.4.3\lib\</path>
         <kind>archive</kind>
         <file>rts430x_lc_sd_eabi.lib</file>
         <name>boot_special.obj</name>
      </input_file>
      <input_file id="fl-51">
         <path>C:\ti\ccsv6\tools\compiler\ti-cgt-msp430_4.4.3\lib\</path>
         <kind>archive</kind>
         <file>rts430x_lc_sd_eabi.lib</file>
         <name>copy_decompress_none.obj</name>
      </input_file>
      <input_file id="fl-52">
         <path>C:\ti\ccsv6\tools\compiler\ti-cgt-msp430_4.4.3\lib\</path>
         <kind>archive</kind>
         <file>rts430x_lc_sd_eabi.lib</file>
         <name>copy_decompress_rle.obj</name>
      </input_file>
      <input_file id="fl-53">
         <path>C:\ti\ccsv6\tools\compiler\ti-cgt-msp430_4.4.3\lib\</path>
         <kind>archive</kind>
         <file>rts430x_lc_sd_eabi.lib</file>
         <name>copy_zero_init.obj</name>
      </input_file>
      <input_file id="fl-54">
         <path>C:\ti\ccsv6\tools\compiler\ti-cgt-msp430_4.4.3\lib\</path>
         <kind>archive</kind>
         <file>rts430x_lc_sd_eabi.lib</file>
         <name>cpy_util.obj</name>
      </input_file>
      <input_file id="fl-55">
         <path>C:\ti\ccsv6\tools\compiler\ti-cgt-msp430_4.4.3\lib\</path>
         <kind>archive</kind>
         <file>rts430x_lc_sd_eabi.lib</file>
         <name>div32u.obj</name>
      </input_file>
      <input_file id="fl-56">
         <path>C:\ti\ccsv6\tools\compiler\ti-cgt-msp430_4.4.3\lib\</path>
         <kind>archive</kind>
         <file>rts430x_lc_sd_eabi.lib</file>
         <name>exit.obj</name>
      </input_file>
      <input_file id="fl-57">
         <path>C:\ti\ccsv6\tools\compiler\ti-cgt-msp430_4.4.3\lib\</path>
         <kind>archive</kind>
         <file>rts430x_lc_sd_eabi.lib</file>
         <name>int41.obj</name>
      </input_file>
      <input_file id="fl-58">
         <path>C:\ti\ccsv6\tools\compiler\ti-cgt-msp430_4.4.3\lib\</path>
         <kind>archive</kind>
         <file>rts430x_lc_sd_eabi.lib</file>
         <name>int42.obj</name>
      </input_file>
      <input_file id="fl-59">
         <path>C:\ti\ccsv6\tools\compiler\ti-cgt-msp430_4.4.3\lib\</path>
         <kind>archive</kind>
         <file>rts430x_lc_sd_eabi.lib</file>
         <name>int43.obj</name>
      </input_file>
      <input_file id="fl-5a">
         <path>C:\ti\ccsv6\tools\compiler\ti-cgt-msp430_4.4.3\lib\</path>
         <kind>archive</kind>
         <file>rts430x_lc_sd_eabi.lib</file>
         <name>int44.obj</name>
      </input_file>
      <input_file id="fl-5b">
         <path>C:\ti\ccsv6\tools\compiler\ti-cgt-msp430_4.4.3\lib\</path>
         <kind>archive</kind>
         <file>rts430x_lc_sd_eabi.lib</file>
         <name>int46.obj</name>
      </input_file>
      <input_file id="fl-5c">
         <path>C:\ti\ccsv6\tools\compiler\ti-cgt-msp430_4.4.3\lib\</path>
         <kind>archive</kind>
         <file>rts430x_lc_sd_eabi.lib</file>
         <name>int48.obj</name>
      </input_file>
      <input_file id="fl-5d">
         <path>C:\ti\ccsv6\tools\compiler\ti-cgt-msp430_4.4.3\lib\</path>
         <kind>archive</kind>
         <file>rts430x_lc_sd_eabi.lib</file>
         <name>int49.obj</name>
      </input_file>
      <input_file id="fl-5e">
         <path>C:\ti\ccsv6\tools\compiler\ti-cgt-msp430_4.4.3\lib\</path>
         <kind>archive</kind>
         <file>rts430x_lc_sd_eabi.lib</file>
         <name>int50.obj</name>
      </input_file>
      <input_file id="fl-5f">
         <path>C:\ti\ccsv6\tools\compiler\ti-cgt-msp430_4.4.3\lib\</path>
         <kind>archive</kind>
         <file>rts430x_lc_sd_eabi.lib</file>
         <name>int52.obj</name>
      </input_file>
      <input_file id="fl-60">
         <path>C:\ti\ccsv6\tools\compiler\ti-cgt-msp430_4.4.3\lib\</path>
         <kind>archive</kind>
         <file>rts430x_lc_sd_eabi.lib</file>
         <name>int54.obj</name>
      </input_file>
      <input_file id="fl-61">
         <path>C:\ti\ccsv6\tools\compiler\ti-cgt-msp430_4.4.3\lib\</path>
         <kind>archive</kind>
         <file>rts430x_lc_sd_eabi.lib</file>
         <name>int55.obj</name>
      </input_file>
      <input_file id="fl-62">
         <path>C:\ti\ccsv6\tools\compiler\ti-cgt-msp430_4.4.3\lib\</path>
         <kind>archive</kind>
         <file>rts430x_lc_sd_eabi.lib</file>
         <name>int56.obj</name>
      </input_file>
      <input_file id="fl-63">
         <path>C:\ti\ccsv6\tools\compiler\ti-cgt-msp430_4.4.3\lib\</path>
         <kind>archive</kind>
         <file>rts430x_lc_sd_eabi.lib</file>
         <name>int57.obj</name>
      </input_file>
      <input_file id="fl-64">
         <path>C:\ti\ccsv6\tools\compiler\ti-cgt-msp430_4.4.3\lib\</path>
         <kind>archive</kind>
         <file>rts430x_lc_sd_eabi.lib</file>
         <name>int58.obj</name>
      </input_file>
      <input_file id="fl-65">
         <path>C:\ti\ccsv6\tools\compiler\ti-cgt-msp430_4.4.3\lib\</path>
         <kind>archive</kind>
         <file>rts430x_lc_sd_eabi.lib</file>
         <name>int59.obj</name>
      </input_file>
      <input_file id="fl-66">
         <path>C:\ti\ccsv6\tools\compiler\ti-cgt-msp430_4.4.3\lib\</path>
         <kind>archive</kind>
         <file>rts430x_lc_sd_eabi.lib</file>
         <name>int60.obj</name>
      </input_file>
      <input_file id="fl-67">
         <path>C:\ti\ccsv6\tools\compiler\ti-cgt-msp430_4.4.3\lib\</path>
         <kind>archive</kind>
         <file>rts430x_lc_sd_eabi.lib</file>
         <name>int62.obj</name>
      </input_file>
      <input_file id="fl-68">
         <path>C:\ti\ccsv6\tools\compiler\ti-cgt-msp430_4.4.3\lib\</path>
         <kind>archive</kind>
         <file>rts430x_lc_sd_eabi.lib</file>
         <name>isr_trap.obj</name>
      </input_file>
      <input_file id="fl-69">
         <path>C:\ti\ccsv6\tools\compiler\ti-cgt-msp430_4.4.3\lib\</path>
         <kind>archive</kind>
         <file>rts430x_lc_sd_eabi.lib</file>
         <name>lsl16.obj</name>
      </input_file>
      <input_file id="fl-6a">
         <path>C:\ti\ccsv6\tools\compiler\ti-cgt-msp430_4.4.3\lib\</path>
         <kind>archive</kind>
         <file>rts430x_lc_sd_eabi.lib</file>
         <name>lsl32.obj</name>
      </input_file>
      <input_file id="fl-6b">
         <path>C:\ti\ccsv6\tools\compiler\ti-cgt-msp430_4.4.3\lib\</path>
         <kind>archive</kind>
         <file>rts430x_lc_sd_eabi.lib</file>
         <name>lsr32.obj</name>
      </input_file>
      <input_file id="fl-6c">
         <path>C:\ti\ccsv6\tools\compiler\ti-cgt-msp430_4.4.3\lib\</path>
         <kind>archive</kind>
         <file>rts430x_lc_sd_eabi.lib</file>
         <name>memcpy.obj</name>
      </input_file>
      <input_file id="fl-6d">
         <path>C:\ti\ccsv6\tools\compiler\ti-cgt-msp430_4.4.3\lib\</path>
         <kind>archive</kind>
         <file>rts430x_lc_sd_eabi.lib</file>
         <name>memset.obj</name>
      </input_file>
      <input_file id="fl-6e">
         <path>C:\ti\ccsv6\tools\compiler\ti-cgt-msp430_4.4.3\lib\</path>
         <kind>archive</kind>
         <file>rts430x_lc_sd_eabi.lib</file>
         <name>mpu_init.obj</name>
      </input_file>
      <input_file id="fl-6f">
         <path>C:\ti\ccsv6\tools\compiler\ti-cgt-msp430_4.4.3\lib\</path>
         <kind>archive</kind>
         <file>rts430x_lc_sd_eabi.lib</file>
         <name>mult16.obj</name>
      </input_file>
      <input_file id="fl-70">
         <path>C:\ti\ccsv6\tools\compiler\ti-cgt-msp430_4.4.3\lib\</path>
         <kind>archive</kind>
         <file>rts430x_lc_sd_eabi.lib</file>
         <name>mult1632_f5hw.obj</name>
      </input_file>
      <input_file id="fl-71">
         <path>C:\ti\ccsv6\tools\compiler\ti-cgt-msp430_4.4.3\lib\</path>
         <kind>archive</kind>
         <file>rts430x_lc_sd_eabi.lib</file>
         <name>mult16_f5hw.obj</name>
      </input_file>
      <input_file id="fl-72">
         <path>C:\ti\ccsv6\tools\compiler\ti-cgt-msp430_4.4.3\lib\</path>
         <kind>archive</kind>
         <file>rts430x_lc_sd_eabi.lib</file>
         <name>mult3264_f5hw.obj</name>
      </input_file>
      <input_file id="fl-73">
         <path>C:\ti\ccsv6\tools\compiler\ti-cgt-msp430_4.4.3\lib\</path>
         <kind>archive</kind>
         <file>rts430x_lc_sd_eabi.lib</file>
         <name>mult32_f5hw.obj</name>
      </input_file>
      <input_file id="fl-74">
         <path>C:\ti\ccsv6\tools\compiler\ti-cgt-msp430_4.4.3\lib\</path>
         <kind>archive</kind>
         <file>rts430x_lc_sd_eabi.lib</file>
         <name>mult64_f5hw.obj</name>
      </input_file>
      <input_file id="fl-75">
         <path>C:\ti\ccsv6\tools\compiler\ti-cgt-msp430_4.4.3\lib\</path>
         <kind>archive</kind>
         <file>rts430x_lc_sd_eabi.lib</file>
         <name>sprintf.obj</name>
      </input_file>
      <input_file id="fl-76">
         <path>C:\ti\ccsv6\tools\compiler\ti-cgt-msp430_4.4.3\lib\</path>
         <kind>archive</kind>
         <file>rts430x_lc_sd_eabi.lib</file>
         <name>_lock.obj</name>
      </input_file>
      <input_file id="fl-77">
         <path>C:\ti\ccsv6\tools\compiler\ti-cgt-msp430_4.4.3\lib\</path>
         <kind>archive</kind>
         <file>rts430x_lc_sd_eabi.lib</file>
         <name>_printfi.obj</name>
      </input_file>
      <input_file id="fl-78">
         <path>C:\ti\ccsv6\tools\compiler\ti-cgt-msp430_4.4.3\lib\</path>
         <kind>archive</kind>
         <file>rts430x_lc_sd_eabi.lib</file>
         <name>args_main.obj</name>
      </input_file>
      <input_file id="fl-79">
         <path>C:\ti\ccsv6\tools\compiler\ti-cgt-msp430_4.4.3\lib\</path>
         <kind>archive</kind>
         <file>rts430x_lc_sd_eabi.lib</file>
         <name>atoi.obj</name>
      </input_file>
      <input_file id="fl-7a">
         <path>C:\ti\ccsv6\tools\compiler\ti-cgt-msp430_4.4.3\lib\</path>
         <kind>archive</kind>
         <file>rts430x_lc_sd_eabi.lib</file>
         <name>autoinit_wdt.obj</name>
      </input_file>
      <input_file id="fl-7b">
         <path>C:\ti\ccsv6\tools\compiler\ti-cgt-msp430_4.4.3\lib\</path>
         <kind>archive</kind>
         <file>rts430x_lc_sd_eabi.lib</file>
         <name>cmpd.obj</name>
      </input_file>
      <input_file id="fl-7c">
         <path>C:\ti\ccsv6\tools\compiler\ti-cgt-msp430_4.4.3\lib\</path>
         <kind>archive</kind>
         <file>rts430x_lc_sd_eabi.lib</file>
         <name>ctype.obj</name>
      </input_file>
      <input_file id="fl-7d">
         <path>C:\ti\ccsv6\tools\compiler\ti-cgt-msp430_4.4.3\lib\</path>
         <kind>archive</kind>
         <file>rts430x_lc_sd_eabi.lib</file>
         <name>div16u.obj</name>
      </input_file>
      <input_file id="fl-7e">
         <path>C:\ti\ccsv6\tools\compiler\ti-cgt-msp430_4.4.3\lib\</path>
         <kind>archive</kind>
         <file>rts430x_lc_sd_eabi.lib</file>
         <name>div64u.obj</name>
      </input_file>
      <input_file id="fl-7f">
         <path>C:\ti\ccsv6\tools\compiler\ti-cgt-msp430_4.4.3\lib\</path>
         <kind>archive</kind>
         <file>rts430x_lc_sd_eabi.lib</file>
         <name>divd.obj</name>
      </input_file>
      <input_file id="fl-80">
         <path>C:\ti\ccsv6\tools\compiler\ti-cgt-msp430_4.4.3\lib\</path>
         <kind>archive</kind>
         <file>rts430x_lc_sd_eabi.lib</file>
         <name>fixdi.obj</name>
      </input_file>
      <input_file id="fl-81">
         <path>C:\ti\ccsv6\tools\compiler\ti-cgt-msp430_4.4.3\lib\</path>
         <kind>archive</kind>
         <file>rts430x_lc_sd_eabi.lib</file>
         <name>fixdli.obj</name>
      </input_file>
      <input_file id="fl-82">
         <path>C:\ti\ccsv6\tools\compiler\ti-cgt-msp430_4.4.3\lib\</path>
         <kind>archive</kind>
         <file>rts430x_lc_sd_eabi.lib</file>
         <name>fltid.obj</name>
      </input_file>
      <input_file id="fl-83">
         <path>C:\ti\ccsv6\tools\compiler\ti-cgt-msp430_4.4.3\lib\</path>
         <kind>archive</kind>
         <file>rts430x_lc_sd_eabi.lib</file>
         <name>fltlid.obj</name>
      </input_file>
      <input_file id="fl-84">
         <path>C:\ti\ccsv6\tools\compiler\ti-cgt-msp430_4.4.3\lib\</path>
         <kind>archive</kind>
         <file>rts430x_lc_sd_eabi.lib</file>
         <name>frcdivd.obj</name>
      </input_file>
      <input_file id="fl-85">
         <path>C:\ti\ccsv6\tools\compiler\ti-cgt-msp430_4.4.3\lib\</path>
         <kind>archive</kind>
         <file>rts430x_lc_sd_eabi.lib</file>
         <name>frexp.obj</name>
      </input_file>
      <input_file id="fl-86">
         <path>C:\ti\ccsv6\tools\compiler\ti-cgt-msp430_4.4.3\lib\</path>
         <kind>archive</kind>
         <file>rts430x_lc_sd_eabi.lib</file>
         <name>ldexp.obj</name>
      </input_file>
      <input_file id="fl-87">
         <path>C:\ti\ccsv6\tools\compiler\ti-cgt-msp430_4.4.3\lib\</path>
         <kind>archive</kind>
         <file>rts430x_lc_sd_eabi.lib</file>
         <name>lsl64.obj</name>
      </input_file>
      <input_file id="fl-88">
         <path>C:\ti\ccsv6\tools\compiler\ti-cgt-msp430_4.4.3\lib\</path>
         <kind>archive</kind>
         <file>rts430x_lc_sd_eabi.lib</file>
         <name>lsr64.obj</name>
      </input_file>
      <input_file id="fl-89">
         <path>C:\ti\ccsv6\tools\compiler\ti-cgt-msp430_4.4.3\lib\</path>
         <kind>archive</kind>
         <file>rts430x_lc_sd_eabi.lib</file>
         <name>ltoa.obj</name>
      </input_file>
      <input_file id="fl-8a">
         <path>C:\ti\ccsv6\tools\compiler\ti-cgt-msp430_4.4.3\lib\</path>
         <kind>archive</kind>
         <file>rts430x_lc_sd_eabi.lib</file>
         <name>memccpy.obj</name>
      </input_file>
      <input_file id="fl-8b">
         <path>C:\ti\ccsv6\tools\compiler\ti-cgt-msp430_4.4.3\lib\</path>
         <kind>archive</kind>
         <file>rts430x_lc_sd_eabi.lib</file>
         <name>mpyd.obj</name>
      </input_file>
      <input_file id="fl-8c">
         <path>C:\ti\ccsv6\tools\compiler\ti-cgt-msp430_4.4.3\lib\</path>
         <kind>archive</kind>
         <file>rts430x_lc_sd_eabi.lib</file>
         <name>mult32.obj</name>
      </input_file>
      <input_file id="fl-8d">
         <path>C:\ti\ccsv6\tools\compiler\ti-cgt-msp430_4.4.3\lib\</path>
         <kind>archive</kind>
         <file>rts430x_lc_sd_eabi.lib</file>
         <name>negd.obj</name>
      </input_file>
      <input_file id="fl-8e">
         <path>C:\ti\ccsv6\tools\compiler\ti-cgt-msp430_4.4.3\lib\</path>
         <kind>archive</kind>
         <file>rts430x_lc_sd_eabi.lib</file>
         <name>strchr.obj</name>
      </input_file>
      <input_file id="fl-8f">
         <path>C:\ti\ccsv6\tools\compiler\ti-cgt-msp430_4.4.3\lib\</path>
         <kind>archive</kind>
         <file>rts430x_lc_sd_eabi.lib</file>
         <name>strlen.obj</name>
      </input_file>
      <input_file id="fl-90">
         <path>C:\ti\ccsv6\tools\compiler\ti-cgt-msp430_4.4.3\lib\</path>
         <kind>archive</kind>
         <file>rts430x_lc_sd_eabi.lib</file>
         <name>subd.obj</name>
      </input_file>
      <input_file id="fl-91">
         <path>C:\ti\ccsv6\tools\compiler\ti-cgt-msp430_4.4.3\lib\</path>
         <kind>archive</kind>
         <file>rts430x_lc_sd_eabi.lib</file>
         <name>toupper.obj</name>
      </input_file>
      <input_file id="fl-92">
         <path>C:\ti\ccsv6\tools\compiler\ti-cgt-msp430_4.4.3\lib\</path>
         <kind>archive</kind>
         <file>rts430x_lc_sd_eabi.lib</file>
         <name>xdclass.obj</name>
      </input_file>
      <input_file id="fl-93">
         <path>C:\ti\ccsv6\tools\compiler\ti-cgt-msp430_4.4.3\lib\</path>
         <kind>archive</kind>
         <file>rts430x_lc_sd_eabi.lib</file>
         <name>xdscale.obj</name>
      </input_file>
      <input_file id="fl-94">
         <path>C:\ti\ccsv6\tools\compiler\ti-cgt-msp430_4.4.3\lib\</path>
         <kind>archive</kind>
         <file>rts430x_lc_sd_eabi.lib</file>
         <name>xdunscal.obj</name>
      </input_file>
      <input_file id="fl-95">
         <path>C:\ti\ccsv6\tools\compiler\ti-cgt-msp430_4.4.3\lib\</path>
         <kind>archive</kind>
         <file>rts430x_lc_sd_eabi.lib</file>
         <name>xferaise.obj</name>
      </input_file>
      <input_file id="fl-96">
         <path>C:\ti\ccsv6\tools\compiler\ti-cgt-msp430_4.4.3\lib\</path>
         <kind>archive</kind>
         <file>rts430x_lc_sd_eabi.lib</file>
         <name>xvalues.obj</name>
      </input_file>
      <input_file id="fl-97">
         <path>C:\ti\ccsv6\tools\compiler\ti-cgt-msp430_4.4.3\lib\</path>
         <kind>archive</kind>
         <file>rts430x_lc_sd_eabi.lib</file>
         <name>abs.obj</name>
      </input_file>
      <input_file id="fl-98">
         <path>C:\ti\ccsv6\tools\compiler\ti-cgt-msp430_4.4.3\lib\</path>
         <kind>archive</kind>
         <file>rts430x_lc_sd_eabi.lib</file>
         <name>addd.obj</name>
      </input_file>
      <input_file id="fl-99">
         <path>C:\ti\ccsv6\tools\compiler\ti-cgt-msp430_4.4.3\lib\</path>
         <kind>archive</kind>
         <file>rts430x_lc_sd_eabi.lib</file>
         <name>asr32.obj</name>
      </input_file>
      <input_file id="fl-9a">
         <path>C:\ti\ccsv6\tools\compiler\ti-cgt-msp430_4.4.3\lib\</path>
         <kind>archive</kind>
         <file>rts430x_lc_sd_eabi.lib</file>
         <name>div32s.obj</name>
      </input_file>
      <input_file id="fl-9b">
         <path>C:\ti\ccsv6\tools\compiler\ti-cgt-msp430_4.4.3\lib\</path>
         <kind>archive</kind>
         <file>rts430x_lc_sd_eabi.lib</file>
         <name>errno.obj</name>
      </input_file>
      <input_file id="fl-9c">
         <path>C:\ti\ccsv6\tools\compiler\ti-cgt-msp430_4.4.3\lib\</path>
         <kind>archive</kind>
         <file>rts430x_lc_sd_eabi.lib</file>
         <name>feraiseexcept.obj</name>
      </input_file>
      <input_file id="fl-9d">
         <path>C:\ti\ccsv6\tools\compiler\ti-cgt-msp430_4.4.3\lib\</path>
         <kind>archive</kind>
         <file>rts430x_lc_sd_eabi.lib</file>
         <name>frcaddd.obj</name>
      </input_file>
      <input_file id="fl-9e">
         <path>C:\ti\ccsv6\tools\compiler\ti-cgt-msp430_4.4.3\lib\</path>
         <kind>archive</kind>
         <file>rts430x_lc_sd_eabi.lib</file>
         <name>frcmpyd.obj</name>
      </input_file>
      <input_file id="fl-9f">
         <path>C:\ti\ccsv6\tools\compiler\ti-cgt-msp430_4.4.3\lib\</path>
         <kind>archive</kind>
         <file>rts430x_lc_sd_eabi.lib</file>
         <name>lsr16.obj</name>
      </input_file>
      <input_file id="fl-a0">
         <path>C:\ti\ccsv6\tools\compiler\ti-cgt-msp430_4.4.3\lib\</path>
         <kind>archive</kind>
         <file>rts430x_lc_sd_eabi.lib</file>
         <name>raise.obj</name>
      </input_file>
      <input_file id="fl-a1">
         <path>C:\ti\ccsv6\tools\compiler\ti-cgt-msp430_4.4.3\lib\</path>
         <kind>archive</kind>
         <file>rts430x_lc_sd_eabi.lib</file>
         <name>renormd.obj</name>
      </input_file>
      <input_file id="fl-a2">
         <path>C:\ti\ccsv6\tools\compiler\ti-cgt-msp430_4.4.3\lib\</path>
         <kind>archive</kind>
         <file>rts430x_lc_sd_eabi.lib</file>
         <name>signal.obj</name>
      </input_file>
      <input_file id="fl-a3">
         <path>C:\ti\ccsv6\tools\compiler\ti-cgt-msp430_4.4.3\lib\</path>
         <kind>archive</kind>
         <file>rts430x_lc_sd_eabi.lib</file>
         <name>xdnorm.obj</name>
      </input_file>
   </input_file_list>
   <object_component_list>
      <object_component id="oc-ce">
         <name>.stack</name>
         <uninitialized>true</uninitialized>
         <run_address>0x4360</run_address>
         <size>0x2</size>
         <input_file_ref idref="fl-4f"/>
      </object_component>
      <object_component id="oc-9cf">
         <name>.stack</name>
         <uninitialized>true</uninitialized>
         <run_address>0x4360</run_address>
         <size>0x0</size>
      </object_component>
      <object_component id="oc-4e6">
         <name>.text:executeCmdPacket</name>
         <load_address>0x4bf8</load_address>
         <run_address>0x4bf8</run_address>
         <size>0x80c</size>
         <input_file_ref idref="fl-2"/>
      </object_component>
      <object_component id="oc-494">
         <name>.text:menuAllData</name>
         <load_address>0x5404</load_address>
         <run_address>0x5404</run_address>
         <size>0x560</size>
         <input_file_ref idref="fl-2"/>
      </object_component>
      <object_component id="oc-853">
         <name>.text:__TI_frcdivd</name>
         <load_address>0x5964</load_address>
         <run_address>0x5964</run_address>
         <size>0x452</size>
         <input_file_ref idref="fl-84"/>
      </object_component>
      <object_component id="oc-209">
         <name>.text:evm_init</name>
         <load_address>0x5db6</load_address>
         <run_address>0x5db6</run_address>
         <size>0x422</size>
         <input_file_ref idref="fl-9"/>
      </object_component>
      <object_component id="oc-81f">
         <name>.text:__mspabi_divull</name>
         <load_address>0x61d8</load_address>
         <run_address>0x61d8</run_address>
         <size>0x39a</size>
         <input_file_ref idref="fl-7e"/>
      </object_component>
      <object_component id="oc-4d8">
         <name>.text:USBCDC_receiveData</name>
         <load_address>0x6572</load_address>
         <run_address>0x6572</run_address>
         <size>0x2e8</size>
         <input_file_ref idref="fl-18"/>
      </object_component>
      <object_component id="oc-84b">
         <name>.text:__TI_frcmpyd</name>
         <load_address>0x685a</load_address>
         <run_address>0x685a</run_address>
         <size>0x2e4</size>
         <input_file_ref idref="fl-9e"/>
      </object_component>
      <object_component id="oc-89a">
         <name>.text:__mspabi_addd</name>
         <load_address>0x6b3e</load_address>
         <run_address>0x6b3e</run_address>
         <size>0x2d6</size>
         <input_file_ref idref="fl-98"/>
      </object_component>
      <object_component id="oc-1c7">
         <name>.text:CdcToHostFromBuffer</name>
         <load_address>0x6e14</load_address>
         <run_address>0x6e14</run_address>
         <size>0x294</size>
         <input_file_ref idref="fl-18"/>
      </object_component>
      <object_component id="oc-7f0">
         <name>.text:__mspabi_mpyd</name>
         <load_address>0x70a8</load_address>
         <run_address>0x70a8</run_address>
         <size>0x280</size>
         <input_file_ref idref="fl-8b"/>
      </object_component>
      <object_component id="oc-8e0">
         <name>.text:__TI_frcaddd</name>
         <load_address>0x7328</load_address>
         <run_address>0x7328</run_address>
         <size>0x252</size>
         <input_file_ref idref="fl-9d"/>
      </object_component>
      <object_component id="oc-71b">
         <name>.text:_setfield</name>
         <load_address>0x757a</load_address>
         <run_address>0x757a</run_address>
         <size>0x244</size>
         <input_file_ref idref="fl-77"/>
      </object_component>
      <object_component id="oc-7f6">
         <name>.text:__mspabi_divd</name>
         <load_address>0x77be</load_address>
         <run_address>0x77be</run_address>
         <size>0x220</size>
         <input_file_ref idref="fl-7f"/>
      </object_component>
      <object_component id="oc-75b">
         <name>.text:_pproc_fgea</name>
         <load_address>0x79de</load_address>
         <run_address>0x79de</run_address>
         <size>0x210</size>
         <input_file_ref idref="fl-77"/>
      </object_component>
      <object_component id="oc-803">
         <name>.text:acvt</name>
         <load_address>0x7bee</load_address>
         <run_address>0x7bee</run_address>
         <size>0x20e</size>
         <input_file_ref idref="fl-77"/>
      </object_component>
      <object_component id="oc-7d0">
         <name>.text:ecvt</name>
         <load_address>0x7dfc</load_address>
         <run_address>0x7dfc</run_address>
         <size>0x200</size>
         <input_file_ref idref="fl-77"/>
      </object_component>
      <object_component id="oc-7e3">
         <name>.text:fcvt</name>
         <load_address>0x7ffc</load_address>
         <run_address>0x7ffc</run_address>
         <size>0x1da</size>
         <input_file_ref idref="fl-77"/>
      </object_component>
      <object_component id="oc-6c0">
         <name>.text:__TI_printfi</name>
         <load_address>0x81d6</load_address>
         <run_address>0x81d6</run_address>
         <size>0x1d2</size>
         <input_file_ref idref="fl-77"/>
      </object_component>
      <object_component id="oc-8bf">
         <name>.text:_Dscale</name>
         <load_address>0x83a8</load_address>
         <run_address>0x83a8</run_address>
         <size>0x1a0</size>
         <input_file_ref idref="fl-93"/>
      </object_component>
      <object_component id="oc-19d">
         <name>.text:USB_reset</name>
         <load_address>0x8548</load_address>
         <run_address>0x8548</run_address>
         <size>0x19e</size>
         <input_file_ref idref="fl-17"/>
      </object_component>
      <object_component id="oc-7a5">
         <name>.text:_pconv_e</name>
         <load_address>0x86e6</load_address>
         <run_address>0x86e6</run_address>
         <size>0x19a</size>
         <input_file_ref idref="fl-77"/>
      </object_component>
      <object_component id="oc-17f">
         <name>.text:CdcToBufferFromHost</name>
         <load_address>0x8880</load_address>
         <run_address>0x8880</run_address>
         <size>0x180</size>
         <input_file_ref idref="fl-18"/>
      </object_component>
      <object_component id="oc-7ab">
         <name>.text:_pconv_a</name>
         <load_address>0x8a00</load_address>
         <run_address>0x8a00</run_address>
         <size>0x168</size>
         <input_file_ref idref="fl-77"/>
      </object_component>
      <object_component id="oc-77a">
         <name>.text:_getarg_diouxp</name>
         <load_address>0x8b68</load_address>
         <run_address>0x8b68</run_address>
         <size>0x164</size>
         <input_file_ref idref="fl-77"/>
      </object_component>
      <object_component id="oc-393">
         <name>.text:processCmdPacket</name>
         <load_address>0x8ccc</load_address>
         <run_address>0x8ccc</run_address>
         <size>0x14e</size>
         <input_file_ref idref="fl-2"/>
      </object_component>
      <object_component id="oc-755">
         <name>.text:_pproc_diouxp</name>
         <load_address>0x8e1a</load_address>
         <run_address>0x8e1a</run_address>
         <size>0x140</size>
         <input_file_ref idref="fl-77"/>
      </object_component>
      <object_component id="oc-311">
         <name>.text:pll_init</name>
         <load_address>0x8f5a</load_address>
         <run_address>0x8f5a</run_address>
         <size>0x108</size>
         <input_file_ref idref="fl-c"/>
      </object_component>
      <object_component id="oc-8b5">
         <name>.text:_Dnorm</name>
         <load_address>0x9062</load_address>
         <run_address>0x9062</run_address>
         <size>0xfc</size>
         <input_file_ref idref="fl-a3"/>
      </object_component>
      <object_component id="oc-799">
         <name>.text:_pconv_g</name>
         <load_address>0x915e</load_address>
         <run_address>0x915e</run_address>
         <size>0xf4</size>
         <input_file_ref idref="fl-77"/>
      </object_component>
      <object_component id="oc-715">
         <name>.text:_pproc_fwp</name>
         <load_address>0x9252</load_address>
         <run_address>0x9252</run_address>
         <size>0xf4</size>
         <input_file_ref idref="fl-77"/>
      </object_component>
      <object_component id="oc-5ac">
         <name>.text:USB_InitSerialStringDescriptor</name>
         <load_address>0x9346</load_address>
         <run_address>0x9346</run_address>
         <size>0xdc</size>
         <input_file_ref idref="fl-17"/>
      </object_component>
      <object_component id="oc-7b1">
         <name>.text:__mspabi_cmpd</name>
         <load_address>0x9422</load_address>
         <run_address>0x9422</run_address>
         <size>0xd8</size>
         <input_file_ref idref="fl-7b"/>
      </object_component>
      <object_component id="oc-de">
         <name>.text:__TI_decompress_rle_core</name>
         <load_address>0x94fa</load_address>
         <run_address>0x94fa</run_address>
         <size>0xd6</size>
         <input_file_ref idref="fl-52"/>
      </object_component>
      <object_component id="oc-592">
         <name>.text:SetVCoreUp</name>
         <load_address>0x95d0</load_address>
         <run_address>0x95d0</run_address>
         <size>0xd4</size>
         <input_file_ref idref="fl-1b"/>
      </object_component>
      <object_component id="oc-381">
         <name>.text:USBCDC_intfStatus</name>
         <load_address>0x96a4</load_address>
         <run_address>0x96a4</run_address>
         <size>0xc8</size>
         <input_file_ref idref="fl-18"/>
      </object_component>
      <object_component id="oc-914">
         <name>.text:__TI_renormd</name>
         <load_address>0x976c</load_address>
         <run_address>0x976c</run_address>
         <size>0xb2</size>
         <input_file_ref idref="fl-a1"/>
      </object_component>
      <object_component id="oc-170">
         <name>.text:USBCDC_bytesInUSBBuffer</name>
         <load_address>0x981e</load_address>
         <run_address>0x981e</run_address>
         <size>0xa8</size>
         <input_file_ref idref="fl-18"/>
      </object_component>
      <object_component id="oc-4ac">
         <name>.text:menuIncreasePeriod</name>
         <load_address>0x98c6</load_address>
         <run_address>0x98c6</run_address>
         <size>0xa4</size>
         <input_file_ref idref="fl-2"/>
      </object_component>
      <object_component id="oc-49a">
         <name>.text:menuStartStream</name>
         <load_address>0x996a</load_address>
         <run_address>0x996a</run_address>
         <size>0xa4</size>
         <input_file_ref idref="fl-2"/>
      </object_component>
      <object_component id="oc-721">
         <name>.text:_pproc_str</name>
         <load_address>0x9a0e</load_address>
         <run_address>0x9a0e</run_address>
         <size>0xa0</size>
         <input_file_ref idref="fl-77"/>
      </object_component>
      <object_component id="oc-4a6">
         <name>.text:menuDecreasePeriod</name>
         <load_address>0x9aae</load_address>
         <run_address>0x9aae</run_address>
         <size>0xa0</size>
         <input_file_ref idref="fl-2"/>
      </object_component>
      <object_component id="oc-26e">
         <name>.text:CopyUsbToBuff</name>
         <load_address>0x9b4e</load_address>
         <run_address>0x9b4e</run_address>
         <size>0x9c</size>
         <input_file_ref idref="fl-18"/>
      </object_component>
      <object_component id="oc-598">
         <name>.text:SetVCoreDown</name>
         <load_address>0x9bea</load_address>
         <run_address>0x9bea</run_address>
         <size>0x9a</size>
         <input_file_ref idref="fl-1b"/>
      </object_component>
      <object_component id="oc-505">
         <name>.text:usbGetLineCoding</name>
         <load_address>0x9c84</load_address>
         <run_address>0x9c84</run_address>
         <size>0x98</size>
         <input_file_ref idref="fl-18"/>
      </object_component>
      <object_component id="oc-73a">
         <name>.text:USBCDC_sendData</name>
         <load_address>0x9d1c</load_address>
         <run_address>0x9d1c</run_address>
         <size>0x96</size>
         <input_file_ref idref="fl-18"/>
      </object_component>
      <object_component id="oc-375">
         <name>.text:USB_connectionState</name>
         <load_address>0x9db2</load_address>
         <run_address>0x9db2</run_address>
         <size>0x96</size>
         <input_file_ref idref="fl-17"/>
      </object_component>
      <object_component id="oc-27b">
         <name>.text:USB_enable</name>
         <load_address>0x9e48</load_address>
         <run_address>0x9e48</run_address>
         <size>0x96</size>
         <input_file_ref idref="fl-17"/>
      </object_component>
      <object_component id="oc-780">
         <name>.text:_ltostr</name>
         <load_address>0x9ede</load_address>
         <run_address>0x9ede</run_address>
         <size>0x96</size>
         <input_file_ref idref="fl-77"/>
      </object_component>
      <object_component id="oc-82e">
         <name>.text:__mspabi_fltlid</name>
         <load_address>0x9f74</load_address>
         <run_address>0x9f74</run_address>
         <size>0x94</size>
         <input_file_ref idref="fl-83"/>
      </object_component>
      <object_component id="oc-48c">
         <name>.text:printMenu</name>
         <load_address>0xa008</load_address>
         <run_address>0xa008</run_address>
         <size>0x94</size>
         <input_file_ref idref="fl-3"/>
      </object_component>
      <object_component id="oc-349">
         <name>.text:L_Sample</name>
         <load_address>0xa09c</load_address>
         <run_address>0xa09c</run_address>
         <size>0x92</size>
         <input_file_ref idref="fl-5"/>
      </object_component>
      <object_component id="oc-23b">
         <name>.text:usbDecodeAndProcessUsbRequest</name>
         <load_address>0xa12e</load_address>
         <run_address>0xa12e</run_address>
         <size>0x92</size>
         <input_file_ref idref="fl-17"/>
      </object_component>
      <object_component id="oc-7d6">
         <name>.text:_ecpy</name>
         <load_address>0xa1c0</load_address>
         <run_address>0xa1c0</run_address>
         <size>0x8e</size>
         <input_file_ref idref="fl-77"/>
      </object_component>
      <object_component id="oc-4fe">
         <name>.text:USBCDC_rejectData</name>
         <load_address>0xa24e</load_address>
         <run_address>0xa24e</run_address>
         <size>0x8c</size>
         <input_file_ref idref="fl-18"/>
      </object_component>
      <object_component id="oc-7dc">
         <name>.text:_mcpy</name>
         <load_address>0xa2da</load_address>
         <run_address>0xa2da</run_address>
         <size>0x8a</size>
         <input_file_ref idref="fl-77"/>
      </object_component>
      <object_component id="oc-54d">
         <name>.text:usbGetEndpointStatus</name>
         <load_address>0xa364</load_address>
         <run_address>0xa364</run_address>
         <size>0x8a</size>
         <input_file_ref idref="fl-17"/>
      </object_component>
      <object_component id="oc-7c5">
         <name>.text:_div</name>
         <load_address>0xa3ee</load_address>
         <run_address>0xa3ee</run_address>
         <size>0x88</size>
         <input_file_ref idref="fl-77"/>
      </object_component>
      <object_component id="oc-387">
         <name>.text:evm_processDRDY</name>
         <load_address>0xa476</load_address>
         <run_address>0xa476</run_address>
         <size>0x84</size>
         <input_file_ref idref="fl-9"/>
      </object_component>
      <object_component id="oc-863">
         <name>.text:ldexp</name>
         <load_address>0xa4fa</load_address>
         <run_address>0xa4fa</run_address>
         <size>0x82</size>
         <input_file_ref idref="fl-86"/>
      </object_component>
      <object_component id="oc-11a">
         <name>.text:_auto_init_hold_wdt</name>
         <load_address>0xa57c</load_address>
         <run_address>0xa57c</run_address>
         <size>0x80</size>
         <input_file_ref idref="fl-7a"/>
      </object_component>
      <object_component id="oc-828">
         <name>.text:ltoa</name>
         <load_address>0xa5fc</load_address>
         <run_address>0xa5fc</run_address>
         <size>0x7c</size>
         <input_file_ref idref="fl-89"/>
      </object_component>
      <object_component id="oc-21e">
         <name>.text:USBCommunicationTask</name>
         <load_address>0xa678</load_address>
         <run_address>0xa678</run_address>
         <size>0x78</size>
         <input_file_ref idref="fl-5"/>
      </object_component>
      <object_component id="oc-79f">
         <name>.text:_pconv_f</name>
         <load_address>0xa6f0</load_address>
         <run_address>0xa6f0</run_address>
         <size>0x74</size>
         <input_file_ref idref="fl-77"/>
      </object_component>
      <object_component id="oc-85b">
         <name>.text:_Dunscale</name>
         <load_address>0xa764</load_address>
         <run_address>0xa764</run_address>
         <size>0x72</size>
         <input_file_ref idref="fl-94"/>
      </object_component>
      <object_component id="oc-6c8">
         <name>.text:cdcSendDataWaitTilDone</name>
         <load_address>0xa7d6</load_address>
         <run_address>0xa7d6</run_address>
         <size>0x72</size>
         <input_file_ref idref="fl-7"/>
      </object_component>
      <object_component id="oc-2ba">
         <name>.text:Handler_SetLineCoding</name>
         <load_address>0xa848</load_address>
         <run_address>0xa848</run_address>
         <size>0x70</size>
         <input_file_ref idref="fl-18"/>
      </object_component>
      <object_component id="oc-2f6">
         <name>.text:evm_LED_Set</name>
         <load_address>0xa8b8</load_address>
         <run_address>0xa8b8</run_address>
         <size>0x6e</size>
         <input_file_ref idref="fl-9"/>
      </object_component>
      <object_component id="oc-215">
         <name>.text:initHostInterface</name>
         <load_address>0xa926</load_address>
         <run_address>0xa926</run_address>
         <size>0x6c</size>
         <input_file_ref idref="fl-2"/>
      </object_component>
      <object_component id="oc-2c1">
         <name>.text:usbSendNextPacketOnIEP0</name>
         <load_address>0xa992</load_address>
         <run_address>0xa992</run_address>
         <size>0x6c</size>
         <input_file_ref idref="fl-17"/>
      </object_component>
      <object_component id="oc-6e7">
         <name>.text:cdcSendDataInBackground</name>
         <load_address>0xa9fe</load_address>
         <run_address>0xa9fe</run_address>
         <size>0x6a</size>
         <input_file_ref idref="fl-7"/>
      </object_component>
      <object_component id="oc-33b">
         <name>.text:smbus_readWord</name>
         <load_address>0xaa68</load_address>
         <run_address>0xaa68</run_address>
         <size>0x6a</size>
         <input_file_ref idref="fl-b"/>
      </object_component>
      <object_component id="oc-453">
         <name>.text:USB_init</name>
         <load_address>0xaad2</load_address>
         <run_address>0xaad2</run_address>
         <size>0x66</size>
         <input_file_ref idref="fl-17"/>
      </object_component>
      <object_component id="oc-840">
         <name>.text:__mspabi_fixdli</name>
         <load_address>0xab38</load_address>
         <run_address>0xab38</run_address>
         <size>0x66</size>
         <input_file_ref idref="fl-81"/>
      </object_component>
      <object_component id="oc-335">
         <name>.text:smbus_writeWord</name>
         <load_address>0xab9e</load_address>
         <run_address>0xab9e</run_address>
         <size>0x60</size>
         <input_file_ref idref="fl-b"/>
      </object_component>
      <object_component id="oc-6cf">
         <name>.text:USBCDC_abortSend</name>
         <load_address>0xabfe</load_address>
         <run_address>0xabfe</run_address>
         <size>0x5e</size>
         <input_file_ref idref="fl-18"/>
      </object_component>
      <object_component id="oc-20f">
         <name>.text:LDC16_13_Evm_Test_Routine</name>
         <load_address>0xac5c</load_address>
         <run_address>0xac5c</run_address>
         <size>0x5c</size>
         <input_file_ref idref="fl-5"/>
      </object_component>
      <object_component id="oc-601">
         <name>.text</name>
         <load_address>0xacb8</load_address>
         <run_address>0xacb8</run_address>
         <size>0x58</size>
         <input_file_ref idref="fl-55"/>
      </object_component>
      <object_component id="oc-1e2">
         <name>.text:timeoutTasks</name>
         <load_address>0xad10</load_address>
         <run_address>0xad10</run_address>
         <size>0x58</size>
         <input_file_ref idref="fl-6"/>
      </object_component>
      <object_component id="oc-4f2">
         <name>.text:USBCDC_abortReceive</name>
         <load_address>0xad68</load_address>
         <run_address>0xad68</run_address>
         <size>0x56</size>
         <input_file_ref idref="fl-18"/>
      </object_component>
      <object_component id="oc-134">
         <name>.text:main</name>
         <load_address>0xadbe</load_address>
         <run_address>0xadbe</run_address>
         <size>0x56</size>
         <input_file_ref idref="fl-5"/>
      </object_component>
      <object_component id="oc-427">
         <name>.text:smbus_writeByte</name>
         <load_address>0xae14</load_address>
         <run_address>0xae14</run_address>
         <size>0x56</size>
         <input_file_ref idref="fl-b"/>
      </object_component>
      <object_component id="oc-5f9">
         <name>.text:addTask</name>
         <load_address>0xae6a</load_address>
         <run_address>0xae6a</run_address>
         <size>0x54</size>
         <input_file_ref idref="fl-6"/>
      </object_component>
      <object_component id="oc-649">
         <name>.text:i2c_readBytes</name>
         <load_address>0xaebe</load_address>
         <run_address>0xaebe</run_address>
         <size>0x54</size>
         <input_file_ref idref="fl-b"/>
      </object_component>
      <object_component id="oc-74d">
         <name>.text:atoi</name>
         <load_address>0xaf12</load_address>
         <run_address>0xaf12</run_address>
         <size>0x52</size>
         <input_file_ref idref="fl-79"/>
      </object_component>
      <object_component id="oc-64f">
         <name>.text:smbus_readBytes</name>
         <load_address>0xaf64</load_address>
         <run_address>0xaf64</run_address>
         <size>0x52</size>
         <input_file_ref idref="fl-b"/>
      </object_component>
      <object_component id="oc-78d">
         <name>.text:_Dclass</name>
         <load_address>0xafb6</load_address>
         <run_address>0xafb6</run_address>
         <size>0x50</size>
         <input_file_ref idref="fl-92"/>
      </object_component>
      <object_component id="oc-2b4">
         <name>.text:usbReceiveNextPacketOnOEP0</name>
         <load_address>0xb006</load_address>
         <run_address>0xb006</run_address>
         <size>0x50</size>
         <input_file_ref idref="fl-17"/>
      </object_component>
      <object_component id="oc-466">
         <name>.text:i2c_ready</name>
         <load_address>0xb056</load_address>
         <run_address>0xb056</run_address>
         <size>0x4e</size>
         <input_file_ref idref="fl-b"/>
      </object_component>
      <object_component id="oc-643">
         <name>.text:i2c_writeBytes</name>
         <load_address>0xb0a4</load_address>
         <run_address>0xb0a4</run_address>
         <size>0x4c</size>
         <input_file_ref idref="fl-b"/>
      </object_component>
      <object_component id="oc-2fc">
         <name>.text:init_Clock_prePLL</name>
         <load_address>0xb0f0</load_address>
         <run_address>0xb0f0</run_address>
         <size>0x4c</size>
         <input_file_ref idref="fl-9"/>
      </object_component>
      <object_component id="oc-69a">
         <name>.text:Get_TLV_Info</name>
         <load_address>0xb13c</load_address>
         <run_address>0xb13c</run_address>
         <size>0x4a</size>
         <input_file_ref idref="fl-1c"/>
      </object_component>
      <object_component id="oc-5ed">
         <name>.text:removeTask</name>
         <load_address>0xb186</load_address>
         <run_address>0xb186</run_address>
         <size>0x4a</size>
         <input_file_ref idref="fl-6"/>
      </object_component>
      <object_component id="oc-65b">
         <name>.text:taskStreamExecute</name>
         <load_address>0xb1d0</load_address>
         <run_address>0xb1d0</run_address>
         <size>0x4a</size>
         <input_file_ref idref="fl-2"/>
      </object_component>
      <object_component id="oc-1a9">
         <name>.text:PWRVBUSoffHandler</name>
         <load_address>0xb21a</load_address>
         <run_address>0xb21a</run_address>
         <size>0x48</size>
         <input_file_ref idref="fl-e"/>
      </object_component>
      <object_component id="oc-164">
         <name>.text:SetupPacketInterruptHandler</name>
         <load_address>0xb262</load_address>
         <run_address>0xb262</run_address>
         <size>0x48</size>
         <input_file_ref idref="fl-e"/>
      </object_component>
      <object_component id="oc-7e9">
         <name>.text:_fcpy</name>
         <load_address>0xb2aa</load_address>
         <run_address>0xb2aa</run_address>
         <size>0x48</size>
         <input_file_ref idref="fl-77"/>
      </object_component>
      <object_component id="oc-4b8">
         <name>.text:menuCycleI2CAddr</name>
         <load_address>0xb2f2</load_address>
         <run_address>0xb2f2</run_address>
         <size>0x48</size>
         <input_file_ref idref="fl-2"/>
      </object_component>
      <object_component id="oc-55f">
         <name>.text:usbSetEndpointFeature</name>
         <load_address>0xb33a</load_address>
         <run_address>0xb33a</run_address>
         <size>0x48</size>
         <input_file_ref idref="fl-17"/>
      </object_component>
      <object_component id="oc-43a">
         <name>.text:i2c_reset</name>
         <load_address>0xb382</load_address>
         <run_address>0xb382</run_address>
         <size>0x46</size>
         <input_file_ref idref="fl-b"/>
      </object_component>
      <object_component id="oc-535">
         <name>.text:usbGetStringDescriptor</name>
         <load_address>0xb3c8</load_address>
         <run_address>0xb3c8</run_address>
         <size>0x46</size>
         <input_file_ref idref="fl-17"/>
      </object_component>
      <object_component id="oc-70f">
         <name>.text:_pproc_fflags</name>
         <load_address>0xb40e</load_address>
         <run_address>0xb40e</run_address>
         <size>0x44</size>
         <input_file_ref idref="fl-77"/>
      </object_component>
      <object_component id="oc-4a0">
         <name>.text:menuStopStream</name>
         <load_address>0xb452</load_address>
         <run_address>0xb452</run_address>
         <size>0x42</size>
         <input_file_ref idref="fl-2"/>
      </object_component>
      <object_component id="oc-447">
         <name>.text:SetVCore</name>
         <load_address>0xb494</load_address>
         <run_address>0xb494</run_address>
         <size>0x40</size>
         <input_file_ref idref="fl-1b"/>
      </object_component>
      <object_component id="oc-d2">
         <name>.text:__memcpy_far</name>
         <load_address>0xb4d4</load_address>
         <run_address>0xb4d4</run_address>
         <size>0x40</size>
         <input_file_ref idref="fl-54"/>
      </object_component>
      <object_component id="oc-7fd">
         <name>.text:frexp</name>
         <load_address>0xb514</load_address>
         <run_address>0xb514</run_address>
         <size>0x40</size>
         <input_file_ref idref="fl-85"/>
      </object_component>
      <object_component id="oc-88b">
         <name>.text</name>
         <load_address>0xb554</load_address>
         <run_address>0xb554</run_address>
         <size>0x40</size>
         <input_file_ref idref="fl-9a"/>
      </object_component>
      <object_component id="oc-51d">
         <name>.text:usbClearEndpointFeature</name>
         <load_address>0xb594</load_address>
         <run_address>0xb594</run_address>
         <size>0x40</size>
         <input_file_ref idref="fl-17"/>
      </object_component>
      <object_component id="oc-28a">
         <name>.text:CdcResetData</name>
         <load_address>0xb5d4</load_address>
         <run_address>0xb5d4</run_address>
         <size>0x3e</size>
         <input_file_ref idref="fl-18"/>
      </object_component>
      <object_component id="oc-3cf">
         <name>.text:XT2_Start_Timeout</name>
         <load_address>0xb612</load_address>
         <run_address>0xb612</run_address>
         <size>0x3e</size>
         <input_file_ref idref="fl-1d"/>
      </object_component>
      <object_component id="oc-8c">
         <name>.text:decompress:ZI:__TI_zero_init</name>
         <load_address>0xb650</load_address>
         <run_address>0xb650</run_address>
         <size>0x3e</size>
         <input_file_ref idref="fl-53"/>
      </object_component>
      <object_component id="oc-8a8">
         <name>.text:l_asr_const</name>
         <load_address>0xb68e</load_address>
         <run_address>0xb68e</run_address>
         <size>0x3e</size>
         <input_file_ref idref="fl-99"/>
      </object_component>
      <object_component id="oc-3f4">
         <name>.text:l_lsl_const</name>
         <load_address>0xb6cc</load_address>
         <run_address>0xb6cc</run_address>
         <size>0x3e</size>
         <input_file_ref idref="fl-6a"/>
      </object_component>
      <object_component id="oc-477">
         <name>.text:l_lsr_const</name>
         <load_address>0xb70a</load_address>
         <run_address>0xb70a</run_address>
         <size>0x3e</size>
         <input_file_ref idref="fl-6b"/>
      </object_component>
      <object_component id="oc-6a">
         <name>.text:decompress:none:__TI_decompress_none</name>
         <load_address>0xb748</load_address>
         <run_address>0xb748</run_address>
         <size>0x3c</size>
         <input_file_ref idref="fl-51"/>
      </object_component>
      <object_component id="oc-350">
         <name>.text:readSerialFromFlash</name>
         <load_address>0xb784</load_address>
         <run_address>0xb784</run_address>
         <size>0x3c</size>
         <input_file_ref idref="fl-2"/>
      </object_component>
      <object_component id="oc-883">
         <name>.text:__mspabi_sllll</name>
         <load_address>0xb7c0</load_address>
         <run_address>0xb7c0</run_address>
         <size>0x3a</size>
         <input_file_ref idref="fl-87"/>
      </object_component>
      <object_component id="oc-814">
         <name>.text:__mspabi_srlll</name>
         <load_address>0xb7fa</load_address>
         <run_address>0xb7fa</run_address>
         <size>0x3a</size>
         <input_file_ref idref="fl-88"/>
      </object_component>
      <object_component id="oc-62a">
         <name>.text:sendPacket</name>
         <load_address>0xb834</load_address>
         <run_address>0xb834</run_address>
         <size>0x3a</size>
         <input_file_ref idref="fl-2"/>
      </object_component>
      <object_component id="oc-1cd">
         <name>.text:OEP0InterruptHandler</name>
         <load_address>0xb86e</load_address>
         <run_address>0xb86e</run_address>
         <size>0x38</size>
         <input_file_ref idref="fl-e"/>
      </object_component>
      <object_component id="oc-5b2">
         <name>.text:USB_initMemcpy</name>
         <load_address>0xb8a6</load_address>
         <run_address>0xb8a6</run_address>
         <size>0x38</size>
         <input_file_ref idref="fl-16"/>
      </object_component>
      <object_component id="oc-5cd">
         <name>.text:sprintf</name>
         <load_address>0xb8de</load_address>
         <run_address>0xb8de</run_address>
         <size>0x38</size>
         <input_file_ref idref="fl-75"/>
      </object_component>
      <object_component id="oc-5e7">
         <name>.text:taskStopAll</name>
         <load_address>0xb916</load_address>
         <run_address>0xb916</run_address>
         <size>0x38</size>
         <input_file_ref idref="fl-2"/>
      </object_component>
      <object_component id="oc-1b5">
         <name>.text:PWRVBUSonHandler</name>
         <load_address>0xb94e</load_address>
         <run_address>0xb94e</run_address>
         <size>0x36</size>
         <input_file_ref idref="fl-e"/>
      </object_component>
      <object_component id="oc-38d">
         <name>.text:executeTasks</name>
         <load_address>0xb984</load_address>
         <run_address>0xb984</run_address>
         <size>0x36</size>
         <input_file_ref idref="fl-6"/>
      </object_component>
      <object_component id="oc-86f">
         <name>.text:incr_hex</name>
         <load_address>0xb9ba</load_address>
         <run_address>0xb9ba</run_address>
         <size>0x36</size>
         <input_file_ref idref="fl-77"/>
      </object_component>
      <object_component id="oc-946">
         <name>.text:signal</name>
         <load_address>0xb9f0</load_address>
         <run_address>0xb9f0</run_address>
         <size>0x36</size>
         <input_file_ref idref="fl-a2"/>
      </object_component>
      <object_component id="oc-609">
         <name>.text:evm_changeAddr</name>
         <load_address>0xba26</load_address>
         <run_address>0xba26</run_address>
         <size>0x34</size>
         <input_file_ref idref="fl-9"/>
      </object_component>
      <object_component id="oc-191">
         <name>.text:USB_suspend</name>
         <load_address>0xba5a</load_address>
         <run_address>0xba5a</run_address>
         <size>0x32</size>
         <input_file_ref idref="fl-17"/>
      </object_component>
      <object_component id="oc-8c5">
         <name>.text:_Feraise</name>
         <load_address>0xba8c</load_address>
         <run_address>0xba8c</run_address>
         <size>0x32</size>
         <input_file_ref idref="fl-95"/>
      </object_component>
      <object_component id="oc-4b2">
         <name>.text:menuCycleLEDS</name>
         <load_address>0xbabe</load_address>
         <run_address>0xbabe</run_address>
         <size>0x32</size>
         <input_file_ref idref="fl-2"/>
      </object_component>
      <object_component id="oc-92d">
         <name>.text:raise</name>
         <load_address>0xbaf0</load_address>
         <run_address>0xbaf0</run_address>
         <size>0x32</size>
         <input_file_ref idref="fl-a0"/>
      </object_component>
      <object_component id="oc-32f">
         <name>.text:InitMCU</name>
         <load_address>0xbb22</load_address>
         <run_address>0xbb22</run_address>
         <size>0x30</size>
         <input_file_ref idref="fl-5"/>
      </object_component>
      <object_component id="oc-45f">
         <name>.text:USB_connectionInfo</name>
         <load_address>0xbb52</load_address>
         <run_address>0xbb52</run_address>
         <size>0x30</size>
         <input_file_ref idref="fl-17"/>
      </object_component>
      <object_component id="oc-59f">
         <name>.text:XT2_Start</name>
         <load_address>0xbb82</load_address>
         <run_address>0xbb82</run_address>
         <size>0x30</size>
         <input_file_ref idref="fl-1d"/>
      </object_component>
      <object_component id="oc-8fc">
         <name>.text:feraiseexcept</name>
         <load_address>0xbbb2</load_address>
         <run_address>0xbbb2</run_address>
         <size>0x30</size>
         <input_file_ref idref="fl-9c"/>
      </object_component>
      <object_component id="oc-6a7">
         <name>.text:memcpyDMA0</name>
         <load_address>0xbbe2</load_address>
         <run_address>0xbbe2</run_address>
         <size>0x30</size>
         <input_file_ref idref="fl-16"/>
      </object_component>
      <object_component id="oc-61e">
         <name>.text:FlashWrite_8</name>
         <load_address>0xbc12</load_address>
         <run_address>0xbc12</run_address>
         <size>0x2e</size>
         <input_file_ref idref="fl-19"/>
      </object_component>
      <object_component id="oc-834">
         <name>.text:__mspabi_subd</name>
         <load_address>0xbc40</load_address>
         <run_address>0xbc40</run_address>
         <size>0x2e</size>
         <input_file_ref idref="fl-90"/>
      </object_component>
      <object_component id="oc-37b">
         <name>.text:removeAllTasks</name>
         <load_address>0xbc6e</load_address>
         <run_address>0xbc6e</run_address>
         <size>0x2e</size>
         <input_file_ref idref="fl-6"/>
      </object_component>
      <object_component id="oc-631">
         <name>.text:evm_readFreq</name>
         <load_address>0xbc9c</load_address>
         <run_address>0xbc9c</run_address>
         <size>0x2c</size>
         <input_file_ref idref="fl-9"/>
      </object_component>
      <object_component id="oc-793">
         <name>.text:__mspabi_negd</name>
         <load_address>0xbcc8</load_address>
         <run_address>0xbcc8</run_address>
         <size>0x2a</size>
         <input_file_ref idref="fl-8d"/>
      </object_component>
      <object_component id="oc-5db">
         <name>.text:getTaskIndexFromPID</name>
         <load_address>0xbcf2</load_address>
         <run_address>0xbcf2</run_address>
         <size>0x2a</size>
         <input_file_ref idref="fl-2"/>
      </object_component>
      <object_component id="oc-541">
         <name>.text:usbGetDeviceStatus</name>
         <load_address>0xbd1c</load_address>
         <run_address>0xbd1c</run_address>
         <size>0x2a</size>
         <input_file_ref idref="fl-17"/>
      </object_component>
      <object_component id="oc-83a">
         <name>.text:__mspabi_fixdi</name>
         <load_address>0xbd46</load_address>
         <run_address>0xbd46</run_address>
         <size>0x28</size>
         <input_file_ref idref="fl-80"/>
      </object_component>
      <object_component id="oc-5e1">
         <name>.text:getTaskIndexIdle</name>
         <load_address>0xbd6e</load_address>
         <run_address>0xbd6e</run_address>
         <size>0x28</size>
         <input_file_ref idref="fl-2"/>
      </object_component>
      <object_component id="oc-329">
         <name>.text:i2c_setup</name>
         <load_address>0xbd96</load_address>
         <run_address>0xbd96</run_address>
         <size>0x28</size>
         <input_file_ref idref="fl-b"/>
      </object_component>
      <object_component id="oc-360">
         <name>.text:addMenuItem</name>
         <load_address>0xbdbe</load_address>
         <run_address>0xbdbe</run_address>
         <size>0x26</size>
         <input_file_ref idref="fl-3"/>
      </object_component>
      <object_component id="oc-4f8">
         <name>.text:executeMenuItem</name>
         <load_address>0xbde4</load_address>
         <run_address>0xbde4</run_address>
         <size>0x26</size>
         <input_file_ref idref="fl-3"/>
      </object_component>
      <object_component id="oc-440">
         <name>.text:i2c_setClock</name>
         <load_address>0xbe0a</load_address>
         <run_address>0xbe0a</run_address>
         <size>0x26</size>
         <input_file_ref idref="fl-b"/>
      </object_component>
      <object_component id="oc-618">
         <name>.text:Flash_SegmentErase</name>
         <load_address>0xbe30</load_address>
         <run_address>0xbe30</run_address>
         <size>0x24</size>
         <input_file_ref idref="fl-19"/>
      </object_component>
      <object_component id="oc-4c7">
         <name>.text:usbDisableInEndpointInterrupt</name>
         <load_address>0xbe54</load_address>
         <run_address>0xbe54</run_address>
         <size>0x24</size>
         <input_file_ref idref="fl-17"/>
      </object_component>
      <object_component id="oc-249">
         <name>.text:usbDisableOutEndpointInterrupt</name>
         <load_address>0xbe78</load_address>
         <run_address>0xbe78</run_address>
         <size>0x24</size>
         <input_file_ref idref="fl-17"/>
      </object_component>
      <object_component id="oc-1e9">
         <name>.text:USB_disable</name>
         <load_address>0xbe9c</load_address>
         <run_address>0xbe9c</run_address>
         <size>0x22</size>
         <input_file_ref idref="fl-17"/>
      </object_component>
      <object_component id="oc-357">
         <name>.text:initMenuItems</name>
         <load_address>0xbebe</load_address>
         <run_address>0xbebe</run_address>
         <size>0x22</size>
         <input_file_ref idref="fl-3"/>
      </object_component>
      <object_component id="oc-6a1">
         <name>.text:memcpyV</name>
         <load_address>0xbee0</load_address>
         <run_address>0xbee0</run_address>
         <size>0x22</size>
         <input_file_ref idref="fl-16"/>
      </object_component>
      <object_component id="oc-8a3">
         <name>.text</name>
         <load_address>0xbf02</load_address>
         <run_address>0xbf02</run_address>
         <size>0x22</size>
         <input_file_ref idref="fl-73"/>
      </object_component>
      <object_component id="oc-5d3">
         <name>.text:sendString</name>
         <load_address>0xbf24</load_address>
         <run_address>0xbf24</run_address>
         <size>0x22</size>
         <input_file_ref idref="fl-3"/>
      </object_component>
      <object_component id="oc-666">
         <name>.text:usbSendDataPacketOnEP0</name>
         <load_address>0xbf46</load_address>
         <run_address>0xbf46</run_address>
         <size>0x22</size>
         <input_file_ref idref="fl-17"/>
      </object_component>
      <object_component id="oc-637">
         <name>.text:evm_readDefaults</name>
         <load_address>0xbf68</load_address>
         <run_address>0xbf68</run_address>
         <size>0x20</size>
         <input_file_ref idref="fl-9"/>
      </object_component>
      <object_component id="oc-39d">
         <name>.text:usbSetAddress</name>
         <load_address>0xbf88</load_address>
         <run_address>0xbf88</run_address>
         <size>0x20</size>
         <input_file_ref idref="fl-17"/>
      </object_component>
      <object_component id="oc-553">
         <name>.text:usbSetConfiguration</name>
         <load_address>0xbfa8</load_address>
         <run_address>0xbfa8</run_address>
         <size>0x20</size>
         <input_file_ref idref="fl-17"/>
      </object_component>
      <object_component id="oc-481">
         <name>.text:calcCRC8</name>
         <load_address>0xbfc8</load_address>
         <run_address>0xbfc8</run_address>
         <size>0x1e</size>
         <input_file_ref idref="fl-a"/>
      </object_component>
      <object_component id="oc-624">
         <name>.text:evm_saveDefaults</name>
         <load_address>0xbfe6</load_address>
         <run_address>0xbfe6</run_address>
         <size>0x1e</size>
         <input_file_ref idref="fl-9"/>
      </object_component>
      <object_component id="oc-53b">
         <name>.text:usbGetInterface</name>
         <load_address>0xc004</load_address>
         <run_address>0xc004</run_address>
         <size>0x1e</size>
         <input_file_ref idref="fl-17"/>
      </object_component>
      <object_component id="oc-547">
         <name>.text:usbGetInterfaceStatus</name>
         <load_address>0xc022</load_address>
         <run_address>0xc022</run_address>
         <size>0x1e</size>
         <input_file_ref idref="fl-17"/>
      </object_component>
      <object_component id="oc-869">
         <name>.text:val_hex</name>
         <load_address>0xc040</load_address>
         <run_address>0xc040</run_address>
         <size>0x1e</size>
         <input_file_ref idref="fl-77"/>
      </object_component>
      <object_component id="oc-1d3">
         <name>.text:IEP0InterruptHandler</name>
         <load_address>0xc05e</load_address>
         <run_address>0xc05e</run_address>
         <size>0x1c</size>
         <input_file_ref idref="fl-e"/>
      </object_component>
      <object_component id="oc-303">
         <name>.text:evm_Delay_Ms</name>
         <load_address>0xc07a</load_address>
         <run_address>0xc07a</run_address>
         <size>0x1c</size>
         <input_file_ref idref="fl-9"/>
      </object_component>
      <object_component id="oc-29c">
         <name>.text:USB_connect</name>
         <load_address>0xc096</load_address>
         <run_address>0xc096</run_address>
         <size>0x1a</size>
         <input_file_ref idref="fl-17"/>
      </object_component>
      <object_component id="oc-761">
         <name>.text:memccpy</name>
         <load_address>0xc0b0</load_address>
         <run_address>0xc0b0</run_address>
         <size>0x1a</size>
         <input_file_ref idref="fl-8a"/>
      </object_component>
      <object_component id="oc-8cd">
         <name>.text:strchr</name>
         <load_address>0xc0ca</load_address>
         <run_address>0xc0ca</run_address>
         <size>0x1a</size>
         <input_file_ref idref="fl-8e"/>
      </object_component>
      <object_component id="oc-185">
         <name>.text:USB_resume</name>
         <load_address>0xc0e4</load_address>
         <run_address>0xc0e4</run_address>
         <size>0x18</size>
         <input_file_ref idref="fl-17"/>
      </object_component>
      <object_component id="oc-6b4">
         <name>.text:_outs</name>
         <load_address>0xc0fc</load_address>
         <run_address>0xc0fc</run_address>
         <size>0x18</size>
         <input_file_ref idref="fl-75"/>
      </object_component>
      <object_component id="oc-517">
         <name>.text:usbClearDeviceFeature</name>
         <load_address>0xc114</load_address>
         <run_address>0xc114</run_address>
         <size>0x18</size>
         <input_file_ref idref="fl-17"/>
      </object_component>
      <object_component id="oc-559">
         <name>.text:usbSetDeviceFeature</name>
         <load_address>0xc12c</load_address>
         <run_address>0xc12c</run_address>
         <size>0x18</size>
         <input_file_ref idref="fl-17"/>
      </object_component>
      <object_component id="oc-44d">
         <name>.text:Init_Clock</name>
         <load_address>0xc144</load_address>
         <run_address>0xc144</run_address>
         <size>0x16</size>
         <input_file_ref idref="fl-5"/>
      </object_component>
      <object_component id="oc-81a">
         <name>.text</name>
         <load_address>0xc15a</load_address>
         <run_address>0xc15a</run_address>
         <size>0x16</size>
         <input_file_ref idref="fl-7d"/>
      </object_component>
      <object_component id="oc-2a4">
         <name>.text</name>
         <load_address>0xc170</load_address>
         <run_address>0xc170</run_address>
         <size>0x16</size>
         <input_file_ref idref="fl-71"/>
      </object_component>
      <object_component id="oc-52f">
         <name>.text:usbGetConfigurationDescriptor</name>
         <load_address>0xc186</load_address>
         <run_address>0xc186</run_address>
         <size>0x16</size>
         <input_file_ref idref="fl-17"/>
      </object_component>
      <object_component id="oc-529">
         <name>.text:usbGetDeviceDescriptor</name>
         <load_address>0xc19c</load_address>
         <run_address>0xc19c</run_address>
         <size>0x16</size>
         <input_file_ref idref="fl-17"/>
      </object_component>
      <object_component id="oc-1bb">
         <name>.text:USB_handleVbusOnEvent</name>
         <load_address>0xc1b2</load_address>
         <run_address>0xc1b2</run_address>
         <size>0x14</size>
         <input_file_ref idref="fl-8"/>
      </object_component>
      <object_component id="oc-367">
         <name>.text:initScheduler</name>
         <load_address>0xc1c6</load_address>
         <run_address>0xc1c6</run_address>
         <size>0x14</size>
         <input_file_ref idref="fl-6"/>
      </object_component>
      <object_component id="oc-343">
         <name>.text:memset</name>
         <load_address>0xc1da</load_address>
         <run_address>0xc1da</run_address>
         <size>0x14</size>
         <input_file_ref idref="fl-6d"/>
      </object_component>
      <object_component id="oc-523">
         <name>.text:usbGetConfiguration</name>
         <load_address>0xc1ee</load_address>
         <run_address>0xc1ee</run_address>
         <size>0x14</size>
         <input_file_ref idref="fl-17"/>
      </object_component>
      <object_component id="oc-66d">
         <name>.text:usbReceiveDataPacketOnEP0</name>
         <load_address>0xc202</load_address>
         <run_address>0xc202</run_address>
         <size>0x14</size>
         <input_file_ref idref="fl-17"/>
      </object_component>
      <object_component id="oc-511">
         <name>.text:usbSetControlLineState</name>
         <load_address>0xc216</load_address>
         <run_address>0xc216</run_address>
         <size>0x14</size>
         <input_file_ref idref="fl-18"/>
      </object_component>
      <object_component id="oc-16a">
         <name>.text:CdcIsReceiveInProgress</name>
         <load_address>0xc22a</load_address>
         <run_address>0xc22a</run_address>
         <size>0x12</size>
         <input_file_ref idref="fl-18"/>
      </object_component>
      <object_component id="oc-6ba">
         <name>.text:_outc</name>
         <load_address>0xc23c</load_address>
         <run_address>0xc23c</run_address>
         <size>0x12</size>
         <input_file_ref idref="fl-75"/>
      </object_component>
      <object_component id="oc-4e0">
         <name>.text:memcpy</name>
         <load_address>0xc24e</load_address>
         <run_address>0xc24e</run_address>
         <size>0x12</size>
         <input_file_ref idref="fl-6c"/>
      </object_component>
      <object_component id="oc-4ec">
         <name>.text:sendErrorPacket</name>
         <load_address>0xc260</load_address>
         <run_address>0xc260</run_address>
         <size>0x12</size>
         <input_file_ref idref="fl-2"/>
      </object_component>
      <object_component id="oc-565">
         <name>.text:usbSetInterface</name>
         <load_address>0xc272</load_address>
         <run_address>0xc272</run_address>
         <size>0x12</size>
         <input_file_ref idref="fl-17"/>
      </object_component>
      <object_component id="oc-46c">
         <name>.text:i2c_setAddr</name>
         <load_address>0xc284</load_address>
         <run_address>0xc284</run_address>
         <size>0x10</size>
         <input_file_ref idref="fl-b"/>
      </object_component>
      <object_component id="oc-90f">
         <name>.text:l_asr</name>
         <load_address>0xc294</load_address>
         <run_address>0xc294</run_address>
         <size>0x10</size>
         <input_file_ref idref="fl-99"/>
      </object_component>
      <object_component id="oc-90a">
         <name>.text:l_lsl</name>
         <load_address>0xc2a4</load_address>
         <run_address>0xc2a4</run_address>
         <size>0x10</size>
         <input_file_ref idref="fl-6a"/>
      </object_component>
      <object_component id="oc-87e">
         <name>.text:l_lsr</name>
         <load_address>0xc2b4</load_address>
         <run_address>0xc2b4</run_address>
         <size>0x10</size>
         <input_file_ref idref="fl-6b"/>
      </object_component>
      <object_component id="oc-70">
         <name>.text:decompress:rle24:__TI_decompress_rle24</name>
         <load_address>0xc2c4</load_address>
         <run_address>0xc2c4</run_address>
         <size>0xe</size>
         <input_file_ref idref="fl-52"/>
      </object_component>
      <object_component id="oc-709">
         <name>.text:strlen</name>
         <load_address>0xc2d2</load_address>
         <run_address>0xc2d2</run_address>
         <size>0xe</size>
         <input_file_ref idref="fl-8f"/>
      </object_component>
      <object_component id="oc-56b">
         <name>.text:usbInvalidRequest</name>
         <load_address>0xc2e0</load_address>
         <run_address>0xc2e0</run_address>
         <size>0xe</size>
         <input_file_ref idref="fl-17"/>
      </object_component>
      <object_component id="oc-579">
         <name>.text:usbSendZeroLengthPacketOnIEP0</name>
         <load_address>0xc2ee</load_address>
         <run_address>0xc2ee</run_address>
         <size>0xe</size>
         <input_file_ref idref="fl-17"/>
      </object_component>
      <object_component id="oc-875">
         <name>.text:__mspabi_fltid</name>
         <load_address>0xc2fc</load_address>
         <run_address>0xc2fc</run_address>
         <size>0xc</size>
         <input_file_ref idref="fl-82"/>
      </object_component>
      <object_component id="oc-787">
         <name>.text:toupper</name>
         <load_address>0xc308</load_address>
         <run_address>0xc308</run_address>
         <size>0xc</size>
         <input_file_ref idref="fl-91"/>
      </object_component>
      <object_component id="oc-50b">
         <name>.text:usbSetLineCoding</name>
         <load_address>0xc314</load_address>
         <run_address>0xc314</run_address>
         <size>0xc</size>
         <input_file_ref idref="fl-18"/>
      </object_component>
      <object_component id="oc-114">
         <name>.text:_system_pre_init</name>
         <load_address>0xc320</load_address>
         <run_address>0xc320</run_address>
         <size>0xa</size>
         <input_file_ref idref="fl-4"/>
      </object_component>
      <object_component id="oc-890">
         <name>.text:abs</name>
         <load_address>0xc32a</load_address>
         <run_address>0xc32a</run_address>
         <size>0xa</size>
         <input_file_ref idref="fl-97"/>
      </object_component>
      <object_component id="oc-3be">
         <name>.text</name>
         <load_address>0xc334</load_address>
         <run_address>0xc334</run_address>
         <size>0xa</size>
         <input_file_ref idref="fl-69"/>
      </object_component>
      <object_component id="oc-8f2">
         <name>.text</name>
         <load_address>0xc33e</load_address>
         <run_address>0xc33e</run_address>
         <size>0xa</size>
         <input_file_ref idref="fl-9f"/>
      </object_component>
      <object_component id="oc-573">
         <name>.text:usbStallEndpoint0</name>
         <load_address>0xc348</load_address>
         <run_address>0xc348</run_address>
         <size>0xa</size>
         <input_file_ref idref="fl-17"/>
      </object_component>
      <object_component id="oc-179">
         <name>.text:USBCDC_handleDataReceived</name>
[...]
      </symbol>
      <symbol id="sm-c42">
         <name>__TI_int46</name>
         <value>0xffdc</value>
         <object_component_ref idref="oc-7b"/>
      </symbol>
      <symbol id="sm-c45">
         <name>__TI_int48</name>
         <value>0xffe0</value>
         <object_component_ref idref="oc-7d"/>
      </symbol>
      <symbol id="sm-c48">
         <name>__TI_int49</name>
         <value>0xffe2</value>
         <object_component_ref idref="oc-7e"/>
      </symbol>
      <symbol id="sm-c4b">
         <name>__TI_int50</name>
         <value>0xffe4</value>
         <object_component_ref idref="oc-7f"/>
      </symbol>
      <symbol id="sm-c4e">
         <name>__TI_int52</name>
         <value>0xffe8</value>
         <object_component_ref idref="oc-81"/>
      </symbol>
      <symbol id="sm-c51">
         <name>__TI_int54</name>
         <value>0xffec</value>
         <object_component_ref idref="oc-83"/>
      </symbol>
      <symbol id="sm-c54">
         <name>__TI_int55</name>
         <value>0xffee</value>
         <object_component_ref idref="oc-84"/>
      </symbol>
      <symbol id="sm-c57">
         <name>__TI_int56</name>
         <value>0xfff0</value>
         <object_component_ref idref="oc-85"/>
      </symbol>
      <symbol id="sm-c5a">
         <name>__TI_int57</name>
         <value>0xfff2</value>
         <object_component_ref idref="oc-86"/>
      </symbol>
      <symbol id="sm-c5d">
         <name>__TI_int58</name>
         <value>0xfff4</value>
         <object_component_ref idref="oc-87"/>
      </symbol>
      <symbol id="sm-c60">
         <name>__TI_int59</name>
         <value>0xfff6</value>
         <object_component_ref idref="oc-88"/>
      </symbol>
      <symbol id="sm-c63">
         <name>__TI_int60</name>
         <value>0xfff8</value>
         <object_component_ref idref="oc-89"/>
      </symbol>
      <symbol id="sm-c66">
         <name>__TI_int62</name>
         <value>0xfffc</value>
         <object_component_ref idref="oc-8b"/>
      </symbol>
      <symbol id="sm-c6e">
         <name>__TI_ISR_TRAP</name>
         <value>0x4bf2</value>
         <object_component_ref idref="oc-eb"/>
      </symbol>
      <symbol id="sm-c77">
         <name>__mspabi_slli</name>
         <value>0xc334</value>
         <object_component_ref idref="oc-3be"/>
      </symbol>
      <symbol id="sm-c87">
         <name>__mspabi_slll_9</name>
         <value>0xb6e4</value>
         <object_component_ref idref="oc-3f4"/>
      </symbol>
      <symbol id="sm-c88">
         <name>__mspabi_slll_8</name>
         <value>0xb6e8</value>
         <object_component_ref idref="oc-3f4"/>
      </symbol>
      <symbol id="sm-c89">
         <name>__mspabi_slll_7</name>
         <value>0xb6ec</value>
         <object_component_ref idref="oc-3f4"/>
      </symbol>
      <symbol id="sm-c8a">
         <name>__mspabi_slll_6</name>
         <value>0xb6f0</value>
         <object_component_ref idref="oc-3f4"/>
      </symbol>
      <symbol id="sm-c8b">
         <name>__mspabi_slll_5</name>
         <value>0xb6f4</value>
         <object_component_ref idref="oc-3f4"/>
      </symbol>
      <symbol id="sm-c8c">
         <name>__mspabi_slll_4</name>
         <value>0xb6f8</value>
         <object_component_ref idref="oc-3f4"/>
      </symbol>
      <symbol id="sm-c8d">
         <name>__mspabi_slll_3</name>
         <value>0xb6fc</value>
         <object_component_ref idref="oc-3f4"/>
      </symbol>
      <symbol id="sm-c8e">
         <name>__mspabi_slll_2</name>
         <value>0xb700</value>
         <object_component_ref idref="oc-3f4"/>
      </symbol>
      <symbol id="sm-c8f">
         <name>__mspabi_slll_1</name>
         <value>0xb704</value>
         <object_component_ref idref="oc-3f4"/>
      </symbol>
      <symbol id="sm-c90">
         <name>__mspabi_slll</name>
         <value>0xc2a4</value>
         <object_component_ref idref="oc-90a"/>
      </symbol>
      <symbol id="sm-c91">
         <name>__mspabi_slll_15</name>
         <value>0xb6cc</value>
         <object_component_ref idref="oc-3f4"/>
      </symbol>
      <symbol id="sm-c92">
         <name>__mspabi_slll_14</name>
         <value>0xb6d0</value>
         <object_component_ref idref="oc-3f4"/>
      </symbol>
      <symbol id="sm-c93">
         <name>__mspabi_slll_13</name>
         <value>0xb6d4</value>
         <object_component_ref idref="oc-3f4"/>
      </symbol>
      <symbol id="sm-c94">
         <name>__mspabi_slll_12</name>
         <value>0xb6d8</value>
         <object_component_ref idref="oc-3f4"/>
      </symbol>
      <symbol id="sm-c95">
         <name>__mspabi_slll_11</name>
         <value>0xb6dc</value>
         <object_component_ref idref="oc-3f4"/>
      </symbol>
      <symbol id="sm-c96">
         <name>__mspabi_slll_10</name>
         <value>0xb6e0</value>
         <object_component_ref idref="oc-3f4"/>
      </symbol>
      <symbol id="sm-ca6">
         <name>__mspabi_srll_8</name>
         <value>0xb726</value>
         <object_component_ref idref="oc-477"/>
      </symbol>
      <symbol id="sm-ca7">
         <name>__mspabi_srll_9</name>
         <value>0xb722</value>
         <object_component_ref idref="oc-477"/>
      </symbol>
      <symbol id="sm-ca8">
         <name>__mspabi_srll_6</name>
         <value>0xb72e</value>
         <object_component_ref idref="oc-477"/>
      </symbol>
      <symbol id="sm-ca9">
         <name>__mspabi_srll_7</name>
         <value>0xb72a</value>
         <object_component_ref idref="oc-477"/>
      </symbol>
      <symbol id="sm-caa">
         <name>__mspabi_srll_4</name>
         <value>0xb736</value>
         <object_component_ref idref="oc-477"/>
      </symbol>
      <symbol id="sm-cab">
         <name>__mspabi_srll_5</name>
         <value>0xb732</value>
         <object_component_ref idref="oc-477"/>
      </symbol>
      <symbol id="sm-cac">
         <name>__mspabi_srll_2</name>
         <value>0xb73e</value>
         <object_component_ref idref="oc-477"/>
      </symbol>
      <symbol id="sm-cad">
         <name>__mspabi_srll_3</name>
         <value>0xb73a</value>
         <object_component_ref idref="oc-477"/>
      </symbol>
      <symbol id="sm-cae">
         <name>__mspabi_srll_1</name>
         <value>0xb742</value>
         <object_component_ref idref="oc-477"/>
      </symbol>
      <symbol id="sm-caf">
         <name>__mspabi_srll_15</name>
         <value>0xb70a</value>
         <object_component_ref idref="oc-477"/>
      </symbol>
      <symbol id="sm-cb0">
         <name>__mspabi_srll_14</name>
         <value>0xb70e</value>
         <object_component_ref idref="oc-477"/>
      </symbol>
      <symbol id="sm-cb1">
         <name>__mspabi_srll_13</name>
         <value>0xb712</value>
         <object_component_ref idref="oc-477"/>
      </symbol>
      <symbol id="sm-cb2">
         <name>__mspabi_srll_12</name>
         <value>0xb716</value>
         <object_component_ref idref="oc-477"/>
      </symbol>
      <symbol id="sm-cb3">
         <name>__mspabi_srll_11</name>
         <value>0xb71a</value>
         <object_component_ref idref="oc-477"/>
      </symbol>
      <symbol id="sm-cb4">
         <name>__mspabi_srll_10</name>
         <value>0xb71e</value>
         <object_component_ref idref="oc-477"/>
      </symbol>
      <symbol id="sm-cb5">
         <name>__mspabi_srll</name>
         <value>0xc2b4</value>
         <object_component_ref idref="oc-87e"/>
      </symbol>
      <symbol id="sm-cc3">
         <name>memcpy</name>
         <value>0xc24e</value>
         <object_component_ref idref="oc-4e0"/>
      </symbol>
      <symbol id="sm-cd1">
         <name>memset</name>
         <value>0xc1da</value>
         <object_component_ref idref="oc-343"/>
      </symbol>
      <symbol id="sm-ce8">
         <name>__mspabi_mpyi_f5hw</name>
         <value>0xc170</value>
         <object_component_ref idref="oc-2a4"/>
      </symbol>
      <symbol id="sm-d09">
         <name>__mspabi_mpyl_f5hw</name>
         <value>0xbf02</value>
         <object_component_ref idref="oc-8a3"/>
      </symbol>
      <symbol id="sm-d37">
         <name>sprintf</name>
         <value>0xb8de</value>
         <object_component_ref idref="oc-5cd"/>
      </symbol>
      <symbol id="sm-d4d">
         <name>_nop</name>
         <value>0xc3c4</value>
         <object_component_ref idref="oc-2e4"/>
      </symbol>
      <symbol id="sm-d4e">
         <name>_lock</name>
         <value>0x283c</value>
         <object_component_ref idref="oc-1fa"/>
      </symbol>
      <symbol id="sm-d4f">
         <name>_unlock</name>
         <value>0x2840</value>
         <object_component_ref idref="oc-203"/>
      </symbol>
      <symbol id="sm-f17">
         <name>__TI_printfi</name>
         <value>0x81d6</value>
         <object_component_ref idref="oc-6c0"/>
      </symbol>
      <symbol id="sm-f2c">
         <name>atoi</name>
         <value>0xaf12</value>
         <object_component_ref idref="oc-74d"/>
      </symbol>
      <symbol id="sm-f47">
         <name>_auto_init_hold_wdt</name>
         <value>0xa57c</value>
         <object_component_ref idref="oc-11a"/>
      </symbol>
      <symbol id="sm-f66">
         <name>__mspabi_cmpd</name>
         <value>0x9422</value>
         <object_component_ref idref="oc-7b1"/>
      </symbol>
      <symbol id="sm-f70">
         <name>_ctypes_</name>
         <value>0x450a</value>
         <object_component_ref idref="oc-775"/>
      </symbol>
      <symbol id="sm-f7a">
         <name>__mspabi_remu</name>
         <value>0xc15a</value>
         <object_component_ref idref="oc-81a"/>
      </symbol>
      <symbol id="sm-f7b">
         <name>__mspabi_divu</name>
         <value>0xc15a</value>
         <object_component_ref idref="oc-81a"/>
      </symbol>
      <symbol id="sm-fad">
         <name>__mspabi_divull</name>
         <value>0x61d8</value>
         <object_component_ref idref="oc-81f"/>
      </symbol>
      <symbol id="sm-fce">
         <name>__mspabi_divd</name>
         <value>0x77be</value>
         <object_component_ref idref="oc-7f6"/>
      </symbol>
      <symbol id="sm-fdb">
         <name>__mspabi_fixdi</name>
         <value>0xbd46</value>
         <object_component_ref idref="oc-83a"/>
      </symbol>
      <symbol id="sm-fea">
         <name>__mspabi_fixdli</name>
         <value>0xab38</value>
         <object_component_ref idref="oc-840"/>
      </symbol>
      <symbol id="sm-ff3">
         <name>__mspabi_fltid</name>
         <value>0xc2fc</value>
         <object_component_ref idref="oc-875"/>
      </symbol>
      <symbol id="sm-100b">
         <name>__mspabi_fltlid</name>
         <value>0x9f74</value>
         <object_component_ref idref="oc-82e"/>
      </symbol>
      <symbol id="sm-1026">
         <name>__TI_frcdivd</name>
         <value>0x5964</value>
         <object_component_ref idref="oc-853"/>
      </symbol>
      <symbol id="sm-1032">
         <name>frexp</name>
         <value>0xb514</value>
         <object_component_ref idref="oc-7fd"/>
      </symbol>
      <symbol id="sm-1042">
         <name>ldexp</name>
         <value>0xa4fa</value>
         <object_component_ref idref="oc-863"/>
      </symbol>
      <symbol id="sm-104f">
         <name>__mspabi_sllll</name>
         <value>0xb7c0</value>
         <object_component_ref idref="oc-883"/>
      </symbol>
      <symbol id="sm-105c">
         <name>__mspabi_srlll</name>
         <value>0xb7fa</value>
         <object_component_ref idref="oc-814"/>
      </symbol>
      <symbol id="sm-106b">
         <name>ltoa</name>
         <value>0xa5fc</value>
         <object_component_ref idref="oc-828"/>
      </symbol>
      <symbol id="sm-107a">
         <name>memccpy</name>
         <value>0xc0b0</value>
         <object_component_ref idref="oc-761"/>
      </symbol>
      <symbol id="sm-109a">
         <name>__mspabi_mpyd</name>
         <value>0x70a8</value>
         <object_component_ref idref="oc-7f0"/>
      </symbol>
      <symbol id="sm-10a4">
         <name>__mspabi_negd</name>
         <value>0xbcc8</value>
         <object_component_ref idref="oc-793"/>
      </symbol>
      <symbol id="sm-10b3">
         <name>strchr</name>
         <value>0xc0ca</value>
         <object_component_ref idref="oc-8cd"/>
      </symbol>
      <symbol id="sm-10c0">
         <name>strlen</name>
         <value>0xc2d2</value>
         <object_component_ref idref="oc-709"/>
      </symbol>
      <symbol id="sm-10c9">
         <name>__mspabi_subd</name>
         <value>0xbc40</value>
         <object_component_ref idref="oc-834"/>
      </symbol>
      <symbol id="sm-10d6">
         <name>toupper</name>
         <value>0xc308</value>
         <object_component_ref idref="oc-787"/>
      </symbol>
      <symbol id="sm-10e4">
         <name>_Dclass</name>
         <value>0xafb6</value>
         <object_component_ref idref="oc-78d"/>
      </symbol>
      <symbol id="sm-1107">
         <name>_Dscale</name>
         <value>0x83a8</value>
         <object_component_ref idref="oc-8bf"/>
      </symbol>
      <symbol id="sm-1119">
         <name>_Dunscale</name>
         <value>0xa764</value>
         <object_component_ref idref="oc-85b"/>
      </symbol>
      <symbol id="sm-1125">
         <name>_Feraise</name>
         <value>0xba8c</value>
         <object_component_ref idref="oc-8c5"/>
      </symbol>
      <symbol id="sm-112c">
         <name>_Rteps</name>
         <value>0x2762</value>
         <object_component_ref idref="oc-8f7"/>
      </symbol>
      <symbol id="sm-112d">
         <name>_Zero</name>
         <value>0x277a</value>
         <object_component_ref idref="oc-8f7"/>
      </symbol>
      <symbol id="sm-112e">
         <name>_Hugeval</name>
         <value>0x2722</value>
         <object_component_ref idref="oc-8f7"/>
      </symbol>
      <symbol id="sm-112f">
         <name>_Snan</name>
         <value>0x2752</value>
         <object_component_ref idref="oc-8f7"/>
      </symbol>
      <symbol id="sm-1130">
         <name>_Nan</name>
         <value>0x2742</value>
         <object_component_ref idref="oc-8f7"/>
      </symbol>
      <symbol id="sm-1131">
         <name>_Inf</name>
         <value>0x2732</value>
         <object_component_ref idref="oc-8f7"/>
      </symbol>
      <symbol id="sm-1132">
         <name>_Xbig</name>
         <value>0x2772</value>
         <object_component_ref idref="oc-8f7"/>
      </symbol>
      <symbol id="sm-1133">
         <name>_Eps</name>
         <value>0x2712</value>
         <object_component_ref idref="oc-8f7"/>
      </symbol>
      <symbol id="sm-1134">
         <name>_Denorm</name>
         <value>0x2702</value>
         <object_component_ref idref="oc-8f7"/>
      </symbol>
      <symbol id="sm-113e">
         <name>abs</name>
         <value>0xc32a</value>
         <object_component_ref idref="oc-890"/>
      </symbol>
      <symbol id="sm-1160">
         <name>__mspabi_addd</name>
         <value>0x6b3e</value>
         <object_component_ref idref="oc-89a"/>
      </symbol>
      <symbol id="sm-1170">
         <name>__mspabi_sral</name>
         <value>0xc294</value>
         <object_component_ref idref="oc-90f"/>
      </symbol>
      <symbol id="sm-1171">
         <name>__mspabi_sral_15</name>
         <value>0xb68e</value>
         <object_component_ref idref="oc-8a8"/>
      </symbol>
      <symbol id="sm-1172">
         <name>__mspabi_sral_14</name>
         <value>0xb692</value>
         <object_component_ref idref="oc-8a8"/>
      </symbol>
      <symbol id="sm-1173">
         <name>__mspabi_sral_13</name>
         <value>0xb696</value>
         <object_component_ref idref="oc-8a8"/>
      </symbol>
      <symbol id="sm-1174">
         <name>__mspabi_sral_12</name>
         <value>0xb69a</value>
         <object_component_ref idref="oc-8a8"/>
      </symbol>
      <symbol id="sm-1175">
         <name>__mspabi_sral_11</name>
         <value>0xb69e</value>
         <object_component_ref idref="oc-8a8"/>
      </symbol>
      <symbol id="sm-1176">
         <name>__mspabi_sral_10</name>
         <value>0xb6a2</value>
         <object_component_ref idref="oc-8a8"/>
      </symbol>
      <symbol id="sm-1177">
         <name>__mspabi_sral_8</name>
         <value>0xb6aa</value>
         <object_component_ref idref="oc-8a8"/>
      </symbol>
      <symbol id="sm-1178">
         <name>__mspabi_sral_9</name>
         <value>0xb6a6</value>
         <object_component_ref idref="oc-8a8"/>
      </symbol>
      <symbol id="sm-1179">
         <name>__mspabi_sral_6</name>
         <value>0xb6b2</value>
         <object_component_ref idref="oc-8a8"/>
      </symbol>
      <symbol id="sm-117a">
         <name>__mspabi_sral_7</name>
         <value>0xb6ae</value>
         <object_component_ref idref="oc-8a8"/>
      </symbol>
      <symbol id="sm-117b">
         <name>__mspabi_sral_4</name>
         <value>0xb6ba</value>
         <object_component_ref idref="oc-8a8"/>
      </symbol>
      <symbol id="sm-117c">
         <name>__mspabi_sral_5</name>
         <value>0xb6b6</value>
         <object_component_ref idref="oc-8a8"/>
      </symbol>
      <symbol id="sm-117d">
         <name>__mspabi_sral_2</name>
         <value>0xb6c2</value>
         <object_component_ref idref="oc-8a8"/>
      </symbol>
      <symbol id="sm-117e">
         <name>__mspabi_sral_3</name>
         <value>0xb6be</value>
         <object_component_ref idref="oc-8a8"/>
      </symbol>
      <symbol id="sm-117f">
         <name>__mspabi_sral_1</name>
         <value>0xb6c6</value>
         <object_component_ref idref="oc-8a8"/>
      </symbol>
      <symbol id="sm-118c">
         <name>__mspabi_remli</name>
         <value>0xb554</value>
         <object_component_ref idref="oc-88b"/>
      </symbol>
      <symbol id="sm-118d">
         <name>__mspabi_divli</name>
         <value>0xb554</value>
         <object_component_ref idref="oc-88b"/>
      </symbol>
      <symbol id="sm-1194">
         <name>_Errno</name>
         <value>0x284c</value>
         <object_component_ref idref="oc-902"/>
      </symbol>
      <symbol id="sm-11ac">
         <name>feraiseexcept</name>
         <value>0xbbb2</value>
         <object_component_ref idref="oc-8fc"/>
      </symbol>
      <symbol id="sm-11ad">
         <name>_Tls_setup__Fenv</name>
         <value>0x2820</value>
         <object_component_ref idref="oc-92a"/>
      </symbol>
      <symbol id="sm-11ae">
         <name>_Fenv</name>
         <value>0x281c</value>
         <object_component_ref idref="oc-92a"/>
      </symbol>
      <symbol id="sm-11cf">
         <name>__TI_frcaddd</name>
         <value>0x7328</value>
         <object_component_ref idref="oc-8e0"/>
      </symbol>
      <symbol id="sm-11e0">
         <name>__TI_frcmpyd</name>
         <value>0x685a</value>
         <object_component_ref idref="oc-84b"/>
      </symbol>
      <symbol id="sm-11e9">
         <name>__mspabi_srli</name>
         <value>0xc33e</value>
         <object_component_ref idref="oc-8f2"/>
      </symbol>
      <symbol id="sm-11fd">
         <name>raise</name>
         <value>0xbaf0</value>
         <object_component_ref idref="oc-92d"/>
      </symbol>
      <symbol id="sm-1211">
         <name>__TI_renormd</name>
         <value>0x976c</value>
         <object_component_ref idref="oc-914"/>
      </symbol>
      <symbol id="sm-1226">
         <name>signal</name>
         <value>0xb9f0</value>
         <object_component_ref idref="oc-946"/>
      </symbol>
      <symbol id="sm-1239">
         <name>_Dnorm</name>
         <value>0x9062</value>
         <object_component_ref idref="oc-8b5"/>
      </symbol>
      <symbol id="sm-123b">
         <name>__TI_INITARRAY_Base</name>
         <value>0x0</value>
      </symbol>
      <symbol id="sm-123c">
         <name>__TI_INITARRAY_Limit</name>
         <value>0x0</value>
      </symbol>
   </symbol_table>
   <title>Link successful</title>
</link_info>
