******************************************************************************
                  MSP430 Linker PC v4.4.3                      
******************************************************************************
>> Linked Wed Jun 03 08:45:32 2015

OUTPUT FILE NAME:   <Firmware.out>
ENTRY POINT SYMBOL: "_c_int00_noargs_noexit"  address: 00004bb6


MEMORY CONFIGURATION

         name            origin    length      used     unused   attr    fill
----------------------  --------  ---------  --------  --------  ----  --------
  SFR                   00000000   00000010  00000000  00000010  RWIX
  PERIPHERALS_8BIT      00000010   000000f0  00000000  000000f0  RWIX
  PERIPHERALS_16BIT     00000100   00000100  00000000  00000100  RWIX
  INFOD                 00001800   00000080  00000060  00000020  RWIX
  INFOC                 00001880   00000080  00000010  00000070  RWIX
  INFOB                 00001900   00000080  00000000  00000080  RWIX
  INFOA                 00001980   00000080  00000000  00000080  RWIX
  USBRAM                00001c00   00000800  00000000  00000800  RWIX
  RAM                   00002400   00002000  000004ee  00001b12  RWIX
  FLASH                 00004400   0000bb80  000080ec  00003a94  RWIX
  INT00                 0000ff80   00000002  00000000  00000002  RWIX
  INT01                 0000ff82   00000002  00000000  00000002  RWIX
  INT02                 0000ff84   00000002  00000000  00000002  RWIX
  INT03                 0000ff86   00000002  00000000  00000002  RWIX
  INT04                 0000ff88   00000002  00000000  00000002  RWIX
  INT05                 0000ff8a   00000002  00000000  00000002  RWIX
  INT06                 0000ff8c   00000002  00000000  00000002  RWIX
  INT07                 0000ff8e   00000002  00000000  00000002  RWIX
  INT08                 0000ff90   00000002  00000000  00000002  RWIX
  INT09                 0000ff92   00000002  00000000  00000002  RWIX
  INT10                 0000ff94   00000002  00000000  00000002  RWIX
  INT11                 0000ff96   00000002  00000000  00000002  RWIX
  INT12                 0000ff98   00000002  00000000  00000002  RWIX
  INT13                 0000ff9a   00000002  00000000  00000002  RWIX
  INT14                 0000ff9c   00000002  00000000  00000002  RWIX
  INT15                 0000ff9e   00000002  00000000  00000002  RWIX
  INT16                 0000ffa0   00000002  00000000  00000002  RWIX
  INT17                 0000ffa2   00000002  00000000  00000002  RWIX
  INT18                 0000ffa4   00000002  00000000  00000002  RWIX
  INT19                 0000ffa6   00000002  00000000  00000002  RWIX
  INT20                 0000ffa8   00000002  00000000  00000002  RWIX
  INT21                 0000ffaa   00000002  00000000  00000002  RWIX
  INT22                 0000ffac   00000002  00000000  00000002  RWIX
  INT23                 0000ffae   00000002  00000000  00000002  RWIX
  INT24                 0000ffb0   00000002  00000000  00000002  RWIX
  INT25                 0000ffb2   00000002  00000000  00000002  RWIX
  INT26                 0000ffb4   00000002  00000000  00000002  RWIX
  INT27                 0000ffb6   00000002  00000000  00000002  RWIX
  INT28                 0000ffb8   00000002  00000000  00000002  RWIX
  INT29                 0000ffba   00000002  00000000  00000002  RWIX
  INT30                 0000ffbc   00000002  00000000  00000002  RWIX
  INT31                 0000ffbe   00000002  00000000  00000002  RWIX
  INT32                 0000ffc0   00000002  00000000  00000002  RWIX
  INT33                 0000ffc2   00000002  00000000  00000002  RWIX
  INT34                 0000ffc4   00000002  00000000  00000002  RWIX
  INT35                 0000ffc6   00000002  00000000  00000002  RWIX
  INT36                 0000ffc8   00000002  00000000  00000002  RWIX
  INT37                 0000ffca   00000002  00000000  00000002  RWIX
  INT38                 0000ffcc   00000002  00000000  00000002  RWIX
  INT39                 0000ffce   00000002  00000000  00000002  RWIX
  INT40                 0000ffd0   00000002  00000000  00000002  RWIX
  INT41                 0000ffd2   00000002  00000002  00000000  RWIX
  INT42                 0000ffd4   00000002  00000002  00000000  RWIX
  INT43                 0000ffd6   00000002  00000002  00000000  RWIX
  INT44                 0000ffd8   00000002  00000002  00000000  RWIX
  INT45                 0000ffda   00000002  00000002  00000000  RWIX
  INT46                 0000ffdc   00000002  00000002  00000000  RWIX
  INT47                 0000ffde   00000002  00000002  00000000  RWIX
  INT48                 0000ffe0   00000002  00000002  00000000  RWIX
  INT49                 0000ffe2   00000002  00000002  00000000  RWIX
  INT50                 0000ffe4   00000002  00000002  00000000  RWIX
  INT51                 0000ffe6   00000002  00000002  00000000  RWIX
  INT52                 0000ffe8   00000002  00000002  00000000  RWIX
  INT53                 0000ffea   00000002  00000002  00000000  RWIX
  INT54                 0000ffec   00000002  00000002  00000000  RWIX
  INT55                 0000ffee   00000002  00000002  00000000  RWIX
  INT56                 0000fff0   00000002  00000002  00000000  RWIX
  INT57                 0000fff2   00000002  00000002  00000000  RWIX
  INT58                 0000fff4   00000002  00000002  00000000  RWIX
  INT59                 0000fff6   00000002  00000002  00000000  RWIX
  INT60                 0000fff8   00000002  00000002  00000000  RWIX
  INT61                 0000fffa   00000002  00000002  00000000  RWIX
  INT62                 0000fffc   00000002  00000002  00000000  RWIX
  RESET                 0000fffe   00000002  00000002  00000000  RWIX
  FLASH2                00010000   00014400  00000000  00014400  RWIX


SECTION ALLOCATION MAP

 output                                  attributes/
section   page    origin      length       input sections
--------  ----  ----------  ----------   ----------------
.infoD     0    00001800    00000060     UNINITIALIZED
                  00001800    00000060     LDC13xx16xx_evm.obj (.infoD)

.infoC     0    00001880    00000010     UNINITIALIZED
                  00001880    00000010     host_interface.obj (.infoC)

.bss       0    00002400    00000252     UNINITIALIZED
                  00002400    00000104     (.common:packet_tasks)
                  00002504    00000032     (.common:defaults$2)
                  00002536    00000022     (.common:abramSerialStringDescriptor)
                  00002558    00000020     (.common:commandPkt$3)
                  00002578    00000020     (.common:responsePkt$4)
                  00002598    00000020     (.common:responsePkt$8)
                  000025b8    00000010     (.common:CdcReadCtrl)
                  000025c8    00000010     (.common:allData)
                  000025d8    00000010     (.common:serial)
                  000025e8    0000000a     (.common:CdcWriteCtrl)
                  000025f2    0000000a     (.common:item_home)
                  000025fc    00000008     (.common:CdcControl)
                  00002604    00000008     (.common:abUsbRequestIncomingData)
                  0000260c    00000008     (.common:abUsbRequestReturnData)
                  00002614    00000004     (.common:USB_RX_memcpy)
                  00002618    00000004     (.common:USB_TX_memcpy)
                  0000261c    00000004     (.common:buffer)
                  00002620    00000004     (.common:counter)
                  00002624    00000004     (.common:timer_ticks)
                  00002628    00000002     (.common:HOST_CONTROLLER_TYPE)
                  0000262a    00000002     (.common:host_devices)
                  0000262c    00000002     (.common:i$1)
                  0000262e    00000002     (.common:packet_stream_type)
                  00002630    00000002     (.common:pbIEP0Buffer)
                  00002632    00000002     (.common:pbOEP0Buffer)
                  00002634    00000002     (.common:rxPointer)
                  00002636    00000002     (.common:txPointer)
                  00002638    00000002     (.common:wBytesRemainingOnIEP0)
                  0000263a    00000002     (.common:wBytesRemainingOnOEP0)
                  0000263c    00000002     (.common:wUsbEventMask)
                  0000263e    00000002     (.common:x$1)
                  00002640    00000002     (.common:x$5)
                  00002642    00000001     (.common:bConfigurationNumber)
                  00002643    00000001     (.common:bInterfaceNumber)
                  00002644    00000001     (.common:bRemoteWakeup)
                  00002645    00000001     (.common:bStatusAction)
                  00002646    00000001     (.common:dataReady)
                  00002647    00000001     (.common:default_addr)
                  00002648    00000001     (.common:done)
                  00002649    00000001     (.common:evm_device)
                  0000264a    00000001     (.common:evm_device_channels)
                  0000264b    00000001     (.common:evm_device_series)
                  0000264c    00000001     (.common:evm_rev)
                  0000264d    00000001     (.common:rxBytes)
                  0000264e    00000001     (.common:rxIndex)
                  0000264f    00000001     (.common:txBytes)
                  00002650    00000001     (.common:txIndex)
                  00002651    00000001     (.common:usb_led_flag)

.data      0    00002652    000001fc     UNINITIALIZED
                  00002652    000000b0     rts430x_lc_sd_eabi.lib : signal.obj (.data:sigtable)
                  00002702    00000080                            : xvalues.obj (.data)
                  00002782    00000046     host_interface.obj (.data:menu_items)
                  000027c8    0000000b     LDC13xx16xx_evm.obj (.data:EVM_STR_FDC2114)
                  000027d3    00000001     LDC13xx16xx_evm.obj (.data)
                  000027d4    0000000b     LDC13xx16xx_evm.obj (.data:EVM_STR_FDC2214)
                  000027df    00000001     --HOLE--
                  000027e0    0000000b     LDC13xx16xx_evm.obj (.data:EVM_STR_LDC1312)
                  000027eb    00000001     --HOLE--
                  000027ec    0000000b     LDC13xx16xx_evm.obj (.data:EVM_STR_LDC1314)
                  000027f7    00000001     --HOLE--
                  000027f8    0000000b     LDC13xx16xx_evm.obj (.data:EVM_STR_LDC1612)
                  00002803    00000001     --HOLE--
                  00002804    0000000b     LDC13xx16xx_evm.obj (.data:EVM_STR_LDC1614)
                  0000280f    00000001     --HOLE--
                  00002810    0000000b     LDC13xx16xx_evm.obj (.data:EVM_STR_UNKNOWN)
                  0000281b    00000001     --HOLE--
                  0000281c    00000008     rts430x_lc_sd_eabi.lib : feraiseexcept.obj (.data)
                  00002824    00000008     scheduler.obj (.data)
                  0000282c    00000006     host_interface.obj (.data:HOST_CMD_STREAM_WHITELIST)
                  00002832    00000006     usb.obj (.data)
                  00002838    00000004     host_interface.obj (.data:HOST_FIRMWARE_VERSION)
                  0000283c    00000004     rts430x_lc_sd_eabi.lib : _lock.obj (.data:_lock)
                  00002840    00000004                            : _lock.obj (.data:_unlock)
                  00002844    00000004     host_menu.obj (.data)
                  00002848    00000004     main.obj (.data)
                  0000284c    00000002     rts430x_lc_sd_eabi.lib : errno.obj (.data)

.stack     0    00004360    000000a0     UNINITIALIZED
                  00004360    00000002     rts430x_lc_sd_eabi.lib : boot.obj (.stack)
                  00004362    0000009e     --HOLE--

.const     0    00004400    00000566     
                  00004400    0000010a     descriptors.obj (.const:tUsbRequestList)
                  0000450a    00000101     rts430x_lc_sd_eabi.lib : ctype.obj (.const:.string:_ctypes_)
                  0000460b    00000001     --HOLE-- [fill = 0]
                  0000460c    00000100     crc8.obj (.const:.string:crc8Table)
                  0000470c    000000d4     host_interface.obj (.const:.string)
                  000047e0    00000096     descriptors.obj (.const:.string:abromStringDescriptor)
                  00004876    00000043     descriptors.obj (.const)
                  000048b9    00000001     --HOLE-- [fill = 0]
                  000048ba    00000026     host_menu.obj (.const:.string)
                  000048e0    00000026     rts430x_lc_sd_eabi.lib : _printfi.obj (.const:.string)
                  00004906    00000020     usb.obj (.const:.string)
                  00004926    0000001e     host_interface.obj (.const:.string:sharedSecret)
                  00004944    00000012     descriptors.obj (.const:.string:abromDeviceDescriptor)
                  00004956    00000010     descriptors.obj (.const:stUsbHandle)

.text:_isr 
*          0    00004966    00000292     
                  00004966    00000138     UsbIsr.obj (.text:_isr:iUsbInterruptHandler)
                  00004a9e    000000da     i2c.obj (.text:_isr:USCI_B1_ISR)
                  00004b78    0000003e     main.obj (.text:_isr:UNMI_ISR)
                  00004bb6    0000001a     rts430x_lc_sd_eabi.lib : boot_special.obj (.text:_isr:_c_int00_noargs_noexit)
                  00004bd0    00000012     scheduler.obj (.text:_isr:SCHEDULER_ISR)
                  00004be2    00000010     LDC13xx16xx_evm.obj (.text:_isr:DRDY)
                  00004bf2    00000006     rts430x_lc_sd_eabi.lib : isr_trap.obj (.text:_isr:__TI_ISR_TRAP)

.cinit     0    0000c3c6    00000126     
                  0000c3c6    000000e7     (.cinit..data.load) [load image, compression = rle]
                  0000c4ad    00000001     --HOLE-- [fill = 0]
                  0000c4ae    0000000c     (__TI_handler_table)
                  0000c4ba    00000006     (.cinit..bss.load) [load image, compression = zero_init]
                  0000c4c0    00000006     (.cinit..infoC.load) [load image, compression = zero_init]
                  0000c4c6    00000006     (.cinit..infoD.load) [load image, compression = zero_init]
                  0000c4cc    00000020     (__TI_cinit_table)

.init_array 
*          0    00004400    00000000     UNINITIALIZED

.TI.noinit 
*          0    00002400    00000000     UNINITIALIZED

.TI.persistent 
*          0    00002652    00000000     UNINITIALIZED

.text      0    00004bf8    000077ce     
                  00004bf8    0000080c     host_interface.obj (.text:executeCmdPacket)
                  00005404    00000560     host_interface.obj (.text:menuAllData)
                  00005964    00000452     rts430x_lc_sd_eabi.lib : frcdivd.obj (.text:__TI_frcdivd)
                  00005db6    00000422     LDC13xx16xx_evm.obj (.text:evm_init)
                  000061d8    0000039a     rts430x_lc_sd_eabi.lib : div64u.obj (.text:__mspabi_divull)
                  00006572    000002e8     UsbCdc.obj (.text:USBCDC_receiveData)
                  0000685a    000002e4     rts430x_lc_sd_eabi.lib : frcmpyd.obj (.text:__TI_frcmpyd)
                  00006b3e    000002d6                            : addd.obj (.text:__mspabi_addd)
                  00006e14    00000294     UsbCdc.obj (.text:CdcToHostFromBuffer)
                  000070a8    00000280     rts430x_lc_sd_eabi.lib : mpyd.obj (.text:__mspabi_mpyd)
                  00007328    00000252                            : frcaddd.obj (.text:__TI_frcaddd)
                  0000757a    00000244                            : _printfi.obj (.text:_setfield)
                  000077be    00000220                            : divd.obj (.text:__mspabi_divd)
                  000079de    00000210                            : _printfi.obj (.text:_pproc_fgea)
                  00007bee    0000020e                            : _printfi.obj (.text:acvt)
                  00007dfc    00000200                            : _printfi.obj (.text:ecvt)
                  00007ffc    000001da                            : _printfi.obj (.text:fcvt)
                  000081d6    000001d2                            : _printfi.obj (.text:__TI_printfi)
                  000083a8    000001a0                            : xdscale.obj (.text:_Dscale)
                  00008548    0000019e     usb.obj (.text:USB_reset)
                  000086e6    0000019a     rts430x_lc_sd_eabi.lib : _printfi.obj (.text:_pconv_e)
                  00008880    00000180     UsbCdc.obj (.text:CdcToBufferFromHost)
                  00008a00    00000168     rts430x_lc_sd_eabi.lib : _printfi.obj (.text:_pconv_a)
                  00008b68    00000164                            : _printfi.obj (.text:_getarg_diouxp)
                  00008ccc    0000014e     host_interface.obj (.text:processCmdPacket)
                  00008e1a    00000140     rts430x_lc_sd_eabi.lib : _printfi.obj (.text:_pproc_diouxp)
                  00008f5a    00000108     pll.obj (.text:pll_init)
                  00009062    000000fc     rts430x_lc_sd_eabi.lib : xdnorm.obj (.text:_Dnorm)
                  0000915e    000000f4                            : _printfi.obj (.text:_pconv_g)
                  00009252    000000f4                            : _printfi.obj (.text:_pproc_fwp)
                  00009346    000000dc     usb.obj (.text:USB_InitSerialStringDescriptor)
                  00009422    000000d8     rts430x_lc_sd_eabi.lib : cmpd.obj (.text:__mspabi_cmpd)
                  000094fa    000000d6                            : copy_decompress_rle.obj (.text:__TI_decompress_rle_core)
                  000095d0    000000d4     HAL_PMM.obj (.text:SetVCoreUp)
                  000096a4    000000c8     UsbCdc.obj (.text:USBCDC_intfStatus)
                  0000976c    000000b2     rts430x_lc_sd_eabi.lib : renormd.obj (.text:__TI_renormd)
                  0000981e    000000a8     UsbCdc.obj (.text:USBCDC_bytesInUSBBuffer)
                  000098c6    000000a4     host_interface.obj (.text:menuIncreasePeriod)
                  0000996a    000000a4     host_interface.obj (.text:menuStartStream)
                  00009a0e    000000a0     rts430x_lc_sd_eabi.lib : _printfi.obj (.text:_pproc_str)
                  00009aae    000000a0     host_interface.obj (.text:menuDecreasePeriod)
                  00009b4e    0000009c     UsbCdc.obj (.text:CopyUsbToBuff)
                  00009bea    0000009a     HAL_PMM.obj (.text:SetVCoreDown)
                  00009c84    00000098     UsbCdc.obj (.text:usbGetLineCoding)
                  00009d1c    00000096     UsbCdc.obj (.text:USBCDC_sendData)
                  00009db2    00000096     usb.obj (.text:USB_connectionState)
                  00009e48    00000096     usb.obj (.text:USB_enable)
                  00009ede    00000096     rts430x_lc_sd_eabi.lib : _printfi.obj (.text:_ltostr)
                  00009f74    00000094                            : fltlid.obj (.text:__mspabi_fltlid)
                  0000a008    00000094     host_menu.obj (.text:printMenu)
                  0000a09c    00000092     main.obj (.text:L_Sample)
                  0000a12e    00000092     usb.obj (.text:usbDecodeAndProcessUsbRequest)
                  0000a1c0    0000008e     rts430x_lc_sd_eabi.lib : _printfi.obj (.text:_ecpy)
                  0000a24e    0000008c     UsbCdc.obj (.text:USBCDC_rejectData)
                  0000a2da    0000008a     rts430x_lc_sd_eabi.lib : _printfi.obj (.text:_mcpy)
                  0000a364    0000008a     usb.obj (.text:usbGetEndpointStatus)
                  0000a3ee    00000088     rts430x_lc_sd_eabi.lib : _printfi.obj (.text:_div)
                  0000a476    00000084     LDC13xx16xx_evm.obj (.text:evm_processDRDY)
                  0000a4fa    00000082     rts430x_lc_sd_eabi.lib : ldexp.obj (.text:ldexp)
                  0000a57c    00000080                            : autoinit_wdt.obj (.text:_auto_init_hold_wdt)
                  0000a5fc    0000007c                            : ltoa.obj (.text:ltoa)
                  0000a678    00000078     main.obj (.text:USBCommunicationTask)
                  0000a6f0    00000074     rts430x_lc_sd_eabi.lib : _printfi.obj (.text:_pconv_f)
                  0000a764    00000072                            : xdunscal.obj (.text:_Dunscale)
                  0000a7d6    00000072     usbConstructs.obj (.text:cdcSendDataWaitTilDone)
                  0000a848    00000070     UsbCdc.obj (.text:Handler_SetLineCoding)
                  0000a8b8    0000006e     LDC13xx16xx_evm.obj (.text:evm_LED_Set)
                  0000a926    0000006c     host_interface.obj (.text:initHostInterface)
                  0000a992    0000006c     usb.obj (.text:usbSendNextPacketOnIEP0)
                  0000a9fe    0000006a     usbConstructs.obj (.text:cdcSendDataInBackground)
                  0000aa68    0000006a     i2c.obj (.text:smbus_readWord)
                  0000aad2    00000066     usb.obj (.text:USB_init)
                  0000ab38    00000066     rts430x_lc_sd_eabi.lib : fixdli.obj (.text:__mspabi_fixdli)
                  0000ab9e    00000060     i2c.obj (.text:smbus_writeWord)
                  0000abfe    0000005e     UsbCdc.obj (.text:USBCDC_abortSend)
                  0000ac5c    0000005c     main.obj (.text:LDC16_13_Evm_Test_Routine)
                  0000acb8    00000058     rts430x_lc_sd_eabi.lib : div32u.obj (.text)
                  0000ad10    00000058     scheduler.obj (.text:timeoutTasks)
                  0000ad68    00000056     UsbCdc.obj (.text:USBCDC_abortReceive)
                  0000adbe    00000056     main.obj (.text:main)
                  0000ae14    00000056     i2c.obj (.text:smbus_writeByte)
                  0000ae6a    00000054     scheduler.obj (.text:addTask)
                  0000aebe    00000054     i2c.obj (.text:i2c_readBytes)
                  0000af12    00000052     rts430x_lc_sd_eabi.lib : atoi.obj (.text:atoi)
                  0000af64    00000052     i2c.obj (.text:smbus_readBytes)
                  0000afb6    00000050     rts430x_lc_sd_eabi.lib : xdclass.obj (.text:_Dclass)
                  0000b006    00000050     usb.obj (.text:usbReceiveNextPacketOnOEP0)
                  0000b056    0000004e     i2c.obj (.text:i2c_ready)
                  0000b0a4    0000004c     i2c.obj (.text:i2c_writeBytes)
                  0000b0f0    0000004c     LDC13xx16xx_evm.obj (.text:init_Clock_prePLL)
                  0000b13c    0000004a     HAL_TLV.obj (.text:Get_TLV_Info)
                  0000b186    0000004a     scheduler.obj (.text:removeTask)
                  0000b1d0    0000004a     host_interface.obj (.text:taskStreamExecute)
                  0000b21a    00000048     UsbIsr.obj (.text:PWRVBUSoffHandler)
                  0000b262    00000048     UsbIsr.obj (.text:SetupPacketInterruptHandler)
                  0000b2aa    00000048     rts430x_lc_sd_eabi.lib : _printfi.obj (.text:_fcpy)
                  0000b2f2    00000048     host_interface.obj (.text:menuCycleI2CAddr)
                  0000b33a    00000048     usb.obj (.text:usbSetEndpointFeature)
                  0000b382    00000046     i2c.obj (.text:i2c_reset)
                  0000b3c8    00000046     usb.obj (.text:usbGetStringDescriptor)
                  0000b40e    00000044     rts430x_lc_sd_eabi.lib : _printfi.obj (.text:_pproc_fflags)
                  0000b452    00000042     host_interface.obj (.text:menuStopStream)
                  0000b494    00000040     HAL_PMM.obj (.text:SetVCore)
                  0000b4d4    00000040     rts430x_lc_sd_eabi.lib : cpy_util.obj (.text:__memcpy_far)
                  0000b514    00000040                            : frexp.obj (.text:frexp)
                  0000b554    00000040                            : div32s.obj (.text)
                  0000b594    00000040     usb.obj (.text:usbClearEndpointFeature)
                  0000b5d4    0000003e     UsbCdc.obj (.text:CdcResetData)
                  0000b612    0000003e     HAL_UCS.obj (.text:XT2_Start_Timeout)
                  0000b650    0000003e     rts430x_lc_sd_eabi.lib : copy_zero_init.obj (.text:decompress:ZI:__TI_zero_init)
                  0000b68e    0000003e                            : asr32.obj (.text:l_asr_const)
                  0000b6cc    0000003e                            : lsl32.obj (.text:l_lsl_const)
                  0000b70a    0000003e                            : lsr32.obj (.text:l_lsr_const)
                  0000b748    0000003c                            : copy_decompress_none.obj (.text:decompress:none:__TI_decompress_none)
                  0000b784    0000003c     host_interface.obj (.text:readSerialFromFlash)
                  0000b7c0    0000003a     rts430x_lc_sd_eabi.lib : lsl64.obj (.text:__mspabi_sllll)
                  0000b7fa    0000003a                            : lsr64.obj (.text:__mspabi_srlll)
                  0000b834    0000003a     host_interface.obj (.text:sendPacket)
                  0000b86e    00000038     UsbIsr.obj (.text:OEP0InterruptHandler)
                  0000b8a6    00000038     dma.obj (.text:USB_initMemcpy)
                  0000b8de    00000038     rts430x_lc_sd_eabi.lib : sprintf.obj (.text:sprintf)
                  0000b916    00000038     host_interface.obj (.text:taskStopAll)
                  0000b94e    00000036     UsbIsr.obj (.text:PWRVBUSonHandler)
                  0000b984    00000036     scheduler.obj (.text:executeTasks)
                  0000b9ba    00000036     rts430x_lc_sd_eabi.lib : _printfi.obj (.text:incr_hex)
                  0000b9f0    00000036                            : signal.obj (.text:signal)
                  0000ba26    00000034     LDC13xx16xx_evm.obj (.text:evm_changeAddr)
                  0000ba5a    00000032     usb.obj (.text:USB_suspend)
                  0000ba8c    00000032     rts430x_lc_sd_eabi.lib : xferaise.obj (.text:_Feraise)
                  0000babe    00000032     host_interface.obj (.text:menuCycleLEDS)
                  0000baf0    00000032     rts430x_lc_sd_eabi.lib : raise.obj (.text:raise)
                  0000bb22    00000030     main.obj (.text:InitMCU)
                  0000bb52    00000030     usb.obj (.text:USB_connectionInfo)
                  0000bb82    00000030     HAL_UCS.obj (.text:XT2_Start)
                  0000bbb2    00000030     rts430x_lc_sd_eabi.lib : feraiseexcept.obj (.text:feraiseexcept)
                  0000bbe2    00000030     dma.obj (.text:memcpyDMA0)
                  0000bc12    0000002e     HAL_FLASH.obj (.text:FlashWrite_8)
                  0000bc40    0000002e     rts430x_lc_sd_eabi.lib : subd.obj (.text:__mspabi_subd)
                  0000bc6e    0000002e     scheduler.obj (.text:removeAllTasks)
                  0000bc9c    0000002c     LDC13xx16xx_evm.obj (.text:evm_readFreq)
                  0000bcc8    0000002a     rts430x_lc_sd_eabi.lib : negd.obj (.text:__mspabi_negd)
                  0000bcf2    0000002a     host_interface.obj (.text:getTaskIndexFromPID)
                  0000bd1c    0000002a     usb.obj (.text:usbGetDeviceStatus)
                  0000bd46    00000028     rts430x_lc_sd_eabi.lib : fixdi.obj (.text:__mspabi_fixdi)
                  0000bd6e    00000028     host_interface.obj (.text:getTaskIndexIdle)
                  0000bd96    00000028     i2c.obj (.text:i2c_setup)
                  0000bdbe    00000026     host_menu.obj (.text:addMenuItem)
                  0000bde4    00000026     host_menu.obj (.text:executeMenuItem)
                  0000be0a    00000026     i2c.obj (.text:i2c_setClock)
                  0000be30    00000024     HAL_FLASH.obj (.text:Flash_SegmentErase)
                  0000be54    00000024     usb.obj (.text:usbDisableInEndpointInterrupt)
                  0000be78    00000024     usb.obj (.text:usbDisableOutEndpointInterrupt)
                  0000be9c    00000022     usb.obj (.text:USB_disable)
                  0000bebe    00000022     host_menu.obj (.text:initMenuItems)
                  0000bee0    00000022     dma.obj (.text:memcpyV)
                  0000bf02    00000022     rts430x_lc_sd_eabi.lib : mult32_f5hw.obj (.text)
                  0000bf24    00000022     host_menu.obj (.text:sendString)
                  0000bf46    00000022     usb.obj (.text:usbSendDataPacketOnEP0)
                  0000bf68    00000020     LDC13xx16xx_evm.obj (.text:evm_readDefaults)
                  0000bf88    00000020     usb.obj (.text:usbSetAddress)
                  0000bfa8    00000020     usb.obj (.text:usbSetConfiguration)
                  0000bfc8    0000001e     crc8.obj (.text:calcCRC8)
                  0000bfe6    0000001e     LDC13xx16xx_evm.obj (.text:evm_saveDefaults)
                  0000c004    0000001e     usb.obj (.text:usbGetInterface)
                  0000c022    0000001e     usb.obj (.text:usbGetInterfaceStatus)
                  0000c040    0000001e     rts430x_lc_sd_eabi.lib : _printfi.obj (.text:val_hex)
                  0000c05e    0000001c     UsbIsr.obj (.text:IEP0InterruptHandler)
                  0000c07a    0000001c     LDC13xx16xx_evm.obj (.text:evm_Delay_Ms)
                  0000c096    0000001a     usb.obj (.text:USB_connect)
                  0000c0b0    0000001a     rts430x_lc_sd_eabi.lib : memccpy.obj (.text:memccpy)
                  0000c0ca    0000001a                            : strchr.obj (.text:strchr)
                  0000c0e4    00000018     usb.obj (.text:USB_resume)
                  0000c0fc    00000018     rts430x_lc_sd_eabi.lib : sprintf.obj (.text:_outs)
                  0000c114    00000018     usb.obj (.text:usbClearDeviceFeature)
                  0000c12c    00000018     usb.obj (.text:usbSetDeviceFeature)
                  0000c144    00000016     main.obj (.text:Init_Clock)
                  0000c15a    00000016     rts430x_lc_sd_eabi.lib : div16u.obj (.text)
                  0000c170    00000016                            : mult16_f5hw.obj (.text)
                  0000c186    00000016     usb.obj (.text:usbGetConfigurationDescriptor)
                  0000c19c    00000016     usb.obj (.text:usbGetDeviceDescriptor)
                  0000c1b2    00000014     usbEventHandling.obj (.text:USB_handleVbusOnEvent)
                  0000c1c6    00000014     scheduler.obj (.text:initScheduler)
                  0000c1da    00000014     rts430x_lc_sd_eabi.lib : memset.obj (.text:memset)
                  0000c1ee    00000014     usb.obj (.text:usbGetConfiguration)
                  0000c202    00000014     usb.obj (.text:usbReceiveDataPacketOnEP0)
                  0000c216    00000014     UsbCdc.obj (.text:usbSetControlLineState)
                  0000c22a    00000012     UsbCdc.obj (.text:CdcIsReceiveInProgress)
                  0000c23c    00000012     rts430x_lc_sd_eabi.lib : sprintf.obj (.text:_outc)
                  0000c24e    00000012                            : memcpy.obj (.text:memcpy)
                  0000c260    00000012     host_interface.obj (.text:sendErrorPacket)
                  0000c272    00000012     usb.obj (.text:usbSetInterface)
                  0000c284    00000010     i2c.obj (.text:i2c_setAddr)
                  0000c294    00000010     rts430x_lc_sd_eabi.lib : asr32.obj (.text:l_asr)
                  0000c2a4    00000010                            : lsl32.obj (.text:l_lsl)
                  0000c2b4    00000010                            : lsr32.obj (.text:l_lsr)
                  0000c2c4    0000000e                            : copy_decompress_rle.obj (.text:decompress:rle24:__TI_decompress_rle24)
                  0000c2d2    0000000e                            : strlen.obj (.text:strlen)
                  0000c2e0    0000000e     usb.obj (.text:usbInvalidRequest)
                  0000c2ee    0000000e     usb.obj (.text:usbSendZeroLengthPacketOnIEP0)
                  0000c2fc    0000000c     rts430x_lc_sd_eabi.lib : fltid.obj (.text:__mspabi_fltid)
                  0000c308    0000000c                            : toupper.obj (.text:toupper)
                  0000c314    0000000c     UsbCdc.obj (.text:usbSetLineCoding)
                  0000c320    0000000a     init.obj (.text:_system_pre_init)
                  0000c32a    0000000a     rts430x_lc_sd_eabi.lib : abs.obj (.text:abs)
                  0000c334    0000000a                            : lsl16.obj (.text)
                  0000c33e    0000000a                            : lsr16.obj (.text)
                  0000c348    0000000a     usb.obj (.text:usbStallEndpoint0)
                  0000c352    00000008     usbEventHandling.obj (.text:USBCDC_handleDataReceived)
                  0000c35a    00000008     usbEventHandling.obj (.text:USB_handleVbusOffEvent)
                  0000c362    00000008     usb.obj (.text:USB_setEnabledEvents)
                  0000c36a    00000008     HAL_UCS.obj (.text:XT2_Stop)
                  0000c372    00000006     usb.obj (.text:USB_getVersion)
                  0000c378    00000006     LDC13xx16xx_evm.obj (.text:evm_LED_State)
                  0000c37e    00000006     host_interface.obj (.text:menuReadAll)
                  0000c384    00000006     usb.obj (.text:usbClearOEP0ByteCount)
                  0000c38a    00000006     usb.obj (.text:usbRestoreInEndpointInterrupt)
                  0000c390    00000006     usb.obj (.text:usbRestoreOutEndpointInterrupt)
                  0000c396    00000006     usb.obj (.text:usbStallOEP0)
                  0000c39c    00000004     usbEventHandling.obj (.text:USBCDC_handleReceiveCompleted)
                  0000c3a0    00000004     usbEventHandling.obj (.text:USBCDC_handleSendCompleted)
                  0000c3a4    00000004     usbEventHandling.obj (.text:USBCDC_handleSetControlLineState)
                  0000c3a8    00000004     usbEventHandling.obj (.text:USBCDC_handleSetLineCoding)
                  0000c3ac    00000004     usbEventHandling.obj (.text:USB_handleClockEvent)
                  0000c3b0    00000004     usbEventHandling.obj (.text:USB_handleEnumCompleteEvent)
                  0000c3b4    00000004     usbEventHandling.obj (.text:USB_handleResetEvent)
                  0000c3b8    00000004     usbEventHandling.obj (.text:USB_handleResumeEvent)
                  0000c3bc    00000004     usbEventHandling.obj (.text:USB_handleSuspendEvent)
                  0000c3c0    00000004     rts430x_lc_sd_eabi.lib : exit.obj (.text:abort)
                  0000c3c4    00000002                            : _lock.obj (.text:_nop)

RTC        0    0000ffd2    00000002     
                  0000ffd2    00000002     rts430x_lc_sd_eabi.lib : int41.obj (.int41)

PORT2      0    0000ffd4    00000002     
                  0000ffd4    00000002     rts430x_lc_sd_eabi.lib : int42.obj (.int42)

TIMER2_A1 
*          0    0000ffd6    00000002     
                  0000ffd6    00000002     rts430x_lc_sd_eabi.lib : int43.obj (.int43)

TIMER2_A0 
*          0    0000ffd8    00000002     
                  0000ffd8    00000002     rts430x_lc_sd_eabi.lib : int44.obj (.int44)

USCI_B1    0    0000ffda    00000002     
                  0000ffda    00000002     i2c.obj (.int45)

USCI_A1    0    0000ffdc    00000002     
                  0000ffdc    00000002     rts430x_lc_sd_eabi.lib : int46.obj (.int46)

PORT1      0    0000ffde    00000002     
                  0000ffde    00000002     LDC13xx16xx_evm.obj (.int47)

TIMER1_A1 
*          0    0000ffe0    00000002     
                  0000ffe0    00000002     rts430x_lc_sd_eabi.lib : int48.obj (.int48)

TIMER1_A0 
*          0    0000ffe2    00000002     
                  0000ffe2    00000002     rts430x_lc_sd_eabi.lib : int49.obj (.int49)

DMA        0    0000ffe4    00000002     
                  0000ffe4    00000002     rts430x_lc_sd_eabi.lib : int50.obj (.int50)

USB_UBM    0    0000ffe6    00000002     
                  0000ffe6    00000002     UsbIsr.obj (.int51)

TIMER0_A1 
*          0    0000ffe8    00000002     
                  0000ffe8    00000002     rts430x_lc_sd_eabi.lib : int52.obj (.int52)

TIMER0_A0 
*          0    0000ffea    00000002     
                  0000ffea    00000002     scheduler.obj (.int53)

ADC12      0    0000ffec    00000002     
                  0000ffec    00000002     rts430x_lc_sd_eabi.lib : int54.obj (.int54)

USCI_B0    0    0000ffee    00000002     
                  0000ffee    00000002     rts430x_lc_sd_eabi.lib : int55.obj (.int55)

USCI_A0    0    0000fff0    00000002     
                  0000fff0    00000002     rts430x_lc_sd_eabi.lib : int56.obj (.int56)

WDT        0    0000fff2    00000002     
                  0000fff2    00000002     rts430x_lc_sd_eabi.lib : int57.obj (.int57)

TIMER0_B1 
*          0    0000fff4    00000002     
                  0000fff4    00000002     rts430x_lc_sd_eabi.lib : int58.obj (.int58)

TIMER0_B0 
*          0    0000fff6    00000002     
                  0000fff6    00000002     rts430x_lc_sd_eabi.lib : int59.obj (.int59)

COMP_B     0    0000fff8    00000002     
                  0000fff8    00000002     rts430x_lc_sd_eabi.lib : int60.obj (.int60)

UNMI       0    0000fffa    00000002     
                  0000fffa    00000002     main.obj (.int61)

SYSNMI     0    0000fffc    00000002     
                  0000fffc    00000002     rts430x_lc_sd_eabi.lib : int62.obj (.int62)

.reset     0    0000fffe    00000002     
                  0000fffe    00000002     rts430x_lc_sd_eabi.lib : boot.obj (.reset)


LINKER GENERATED COPY TABLES

__TI_cinit_table @ 0000c4cc records: 4, size/record: 8, table size: 32
	.data: load addr=0000c3c6, load size=000000e7 bytes, run addr=00002652, run size=000001fc bytes, compression=rle
	.bss: load addr=0000c4ba, load size=00000006 bytes, run addr=00002400, run size=00000252 bytes, compression=zero_init
	.infoC: load addr=0000c4c0, load size=00000006 bytes, run addr=00001880, run size=00000010 bytes, compression=zero_init
	.infoD: load addr=0000c4c6, load size=00000006 bytes, run addr=00001800, run size=00000060 bytes, compression=zero_init


LINKER GENERATED HANDLER TABLE

__TI_handler_table @ 0000c4ae records: 3, size/record: 4, table size: 12
	index: 0, handler: __TI_zero_init
	index: 1, handler: __TI_decompress_rle24
	index: 2, handler: __TI_decompress_none


GLOBAL SYMBOLS: SORTED ALPHABETICALLY BY Name 

address   name                             
-------   ----                             
00000700  ADC12CTL0                        
00000701  ADC12CTL0_H                      
00000700  ADC12CTL0_L                      
00000702  ADC12CTL1                        
00000703  ADC12CTL1_H                      
00000702  ADC12CTL1_L                      
00000704  ADC12CTL2                        
00000705  ADC12CTL2_H                      
00000704  ADC12CTL2_L                      
0000070c  ADC12IE                          
0000070d  ADC12IE_H                        
0000070c  ADC12IE_L                        
0000070a  ADC12IFG                         
0000070b  ADC12IFG_H                       
0000070a  ADC12IFG_L                       
0000070e  ADC12IV                          
0000070f  ADC12IV_H                        
0000070e  ADC12IV_L                        
00000710  ADC12MCTL0                       
00000711  ADC12MCTL1                       
0000071a  ADC12MCTL10                      
0000071b  ADC12MCTL11                      
0000071c  ADC12MCTL12                      
0000071d  ADC12MCTL13                      
0000071e  ADC12MCTL14                      
0000071f  ADC12MCTL15                      
00000712  ADC12MCTL2                       
00000713  ADC12MCTL3                       
00000714  ADC12MCTL4                       
00000715  ADC12MCTL5                       
00000716  ADC12MCTL6                       
00000717  ADC12MCTL7                       
00000718  ADC12MCTL8                       
00000719  ADC12MCTL9                       
00000720  ADC12MEM0                        
00000721  ADC12MEM0_H                      
00000720  ADC12MEM0_L                      
00000722  ADC12MEM1                        
00000734  ADC12MEM10                       
00000735  ADC12MEM10_H                     
00000734  ADC12MEM10_L                     
00000736  ADC12MEM11                       
00000737  ADC12MEM11_H                     
00000736  ADC12MEM11_L                     
00000738  ADC12MEM12                       
00000739  ADC12MEM12_H                     
00000738  ADC12MEM12_L                     
0000073a  ADC12MEM13                       
0000073b  ADC12MEM13_H                     
0000073a  ADC12MEM13_L                     
0000073c  ADC12MEM14                       
0000073d  ADC12MEM14_H                     
0000073c  ADC12MEM14_L                     
0000073e  ADC12MEM15                       
0000073f  ADC12MEM15_H                     
0000073e  ADC12MEM15_L                     
00000723  ADC12MEM1_H                      
00000722  ADC12MEM1_L                      
00000724  ADC12MEM2                        
00000725  ADC12MEM2_H                      
00000724  ADC12MEM2_L                      
00000726  ADC12MEM3                        
00000727  ADC12MEM3_H                      
00000726  ADC12MEM3_L                      
00000728  ADC12MEM4                        
00000729  ADC12MEM4_H                      
00000728  ADC12MEM4_L                      
0000072a  ADC12MEM5                        
0000072b  ADC12MEM5_H                      
0000072a  ADC12MEM5_L                      
0000072c  ADC12MEM6                        
0000072d  ADC12MEM6_H                      
0000072c  ADC12MEM6_L                      
0000072e  ADC12MEM7                        
0000072f  ADC12MEM7_H                      
0000072e  ADC12MEM7_L                      
00000730  ADC12MEM8                        
00000731  ADC12MEM8_H                      
00000730  ADC12MEM8_L                      
00000732  ADC12MEM9                        
00000733  ADC12MEM9_H                      
00000732  ADC12MEM9_L                      
0000c3c0  C$$EXIT                          
000008c0  CBCTL0                           
000008c1  CBCTL0_H                         
000008c0  CBCTL0_L                         
000008c2  CBCTL1                           
000008c3  CBCTL1_H                         
000008c2  CBCTL1_L                         
000008c4  CBCTL2                           
000008c5  CBCTL2_H                         
000008c4  CBCTL2_L                         
000008c6  CBCTL3                           
000008c7  CBCTL3_H                         
000008c6  CBCTL3_L                         
000008cc  CBINT                            
000008cd  CBINT_H                          
000008cc  CBINT_L                          
000008ce  CBIV                             
00000150  CRCDI                            
00000152  CRCDIRB                          
00000153  CRCDIRB_H                        
00000152  CRCDIRB_L                        
00000151  CRCDI_H                          
00000150  CRCDI_L                          
00000154  CRCINIRES                        
00000155  CRCINIRES_H                      
00000154  CRCINIRES_L                      
00000156  CRCRESR                          
00000157  CRCRESR_H                        
00000156  CRCRESR_L                        
0000c22a  CdcIsReceiveInProgress           
0000b5d4  CdcResetData                     
00008880  CdcToBufferFromHost              
00006e14  CdcToHostFromBuffer              
00009b4e  CopyUsbToBuff                    
00000510  DMA0CTL                          
00000511  DMA0CTL_H                        
00000510  DMA0CTL_L                        
00000516  DMA0DA                           
00000518  DMA0DAH                          
00000516  DMA0DAL                          
00000512  DMA0SA                           
00000514  DMA0SAH                          
00000512  DMA0SAL                          
0000051a  DMA0SZ                           
00000520  DMA1CTL                          
00000521  DMA1CTL_H                        
00000520  DMA1CTL_L                        
00000526  DMA1DA                           
00000528  DMA1DAH                          
00000526  DMA1DAL                          
00000522  DMA1SA                           
00000524  DMA1SAH                          
00000522  DMA1SAL                          
0000052a  DMA1SZ                           
00000530  DMA2CTL                          
00000531  DMA2CTL_H                        
00000530  DMA2CTL_L                        
00000536  DMA2DA                           
00000538  DMA2DAH                          
00000536  DMA2DAL                          
00000532  DMA2SA                           
00000534  DMA2SAH                          
00000532  DMA2SAL                          
0000053a  DMA2SZ                           
00000500  DMACTL0                          
00000501  DMACTL0_H                        
00000500  DMACTL0_L                        
00000502  DMACTL1                          
00000503  DMACTL1_H                        
00000502  DMACTL1_L                        
00000504  DMACTL2                          
00000505  DMACTL2_H                        
00000504  DMACTL2_L                        
00000506  DMACTL3                          
00000507  DMACTL3_H                        
00000506  DMACTL3_L                        
00000508  DMACTL4                          
00000509  DMACTL4_H                        
00000508  DMACTL4_L                        
0000050e  DMAIV                            
0000050f  DMAIV_H                          
0000050e  DMAIV_L                          
00004be2  DRDY                             
000027c8  EVM_STR_FDC2114                  
000027d4  EVM_STR_FDC2214                  
000027e0  EVM_STR_LDC1312                  
000027ec  EVM_STR_LDC1314                  
000027f8  EVM_STR_LDC1612                  
00002804  EVM_STR_LDC1614                  
00002810  EVM_STR_UNKNOWN                  
00000140  FCTL1                            
00000141  FCTL1_H                          
00000140  FCTL1_L                          
00000144  FCTL3                            
00000145  FCTL3_H                          
00000144  FCTL3_L                          
00000146  FCTL4                            
00000147  FCTL4_H                          
00000146  FCTL4_L                          
00001800  FlashConfig                      
00001880  FlashSerial                      
0000bc12  FlashWrite_8                     
0000be30  Flash_SegmentErase               
0000b13c  Get_TLV_Info                     
0000282c  HOST_CMD_STREAM_WHITELIST        
00002628  HOST_CONTROLLER_TYPE             
00002838  HOST_FIRMWARE_VERSION            
0000a848  Handler_SetLineCoding            
0000c05e  IEP0InterruptHandler             
0000bb22  InitMCU                          
0000c144  Init_Clock                       
0000ac5c  LDC16_13_Evm_Test_Routine        
0000a09c  L_Sample                         
000004c4  MAC                              
000004da  MAC32H                           
000004db  MAC32H_H                         
000004da  MAC32H_L                         
000004d8  MAC32L                           
000004d9  MAC32L_H                         
000004d8  MAC32L_L                         
000004c6  MACS                             
000004de  MACS32H                          
000004df  MACS32H_H                        
000004de  MACS32H_L                        
000004dc  MACS32L                          
000004dd  MACS32L_H                        
000004dc  MACS32L_L                        
000004c7  MACS_H                           
000004c6  MACS_L                           
000004c5  MAC_H                            
000004c4  MAC_L                            
000004c0  MPY                              
000004ec  MPY32CTL0                        
000004ed  MPY32CTL0_H                      
000004ec  MPY32CTL0_L                      
000004d2  MPY32H                           
000004d3  MPY32H_H                         
000004d2  MPY32H_L                         
000004d0  MPY32L                           
000004d1  MPY32L_H                         
000004d0  MPY32L_L                         
000004c2  MPYS                             
000004d6  MPYS32H                          
000004d7  MPYS32H_H                        
000004d6  MPYS32H_L                        
000004d4  MPYS32L                          
000004d5  MPYS32L_H                        
000004d4  MPYS32L_L                        
000004c3  MPYS_H                           
000004c2  MPYS_L                           
000004c1  MPY_H                            
000004c0  MPY_L                            
0000b86e  OEP0InterruptHandler             
000004c8  OP2                              
000004e2  OP2H                             
000004e3  OP2H_H                           
000004e2  OP2H_L                           
000004e0  OP2L                             
000004e1  OP2L_H                           
000004e0  OP2L_L                           
000004c9  OP2_H                            
000004c8  OP2_L                            
0000020e  P1IV                             
0000021e  P2IV                             
000001e0  P4MAP01                          
000001e1  P4MAP01_H                        
000001e0  P4MAP01_L                        
000001e2  P4MAP23                          
000001e3  P4MAP23_H                        
000001e2  P4MAP23_L                        
000001e4  P4MAP45                          
000001e5  P4MAP45_H                        
000001e4  P4MAP45_L                        
000001e6  P4MAP67                          
000001e7  P4MAP67_H                        
000001e6  P4MAP67_L                        
00000204  PADIR                            
00000205  PADIR_H                          
00000204  PADIR_L                          
00000208  PADS                             
00000209  PADS_H                           
00000208  PADS_L                           
0000021a  PAIE                             
00000218  PAIES                            
00000219  PAIES_H                          
00000218  PAIES_L                          
0000021b  PAIE_H                           
0000021a  PAIE_L                           
0000021c  PAIFG                            
0000021d  PAIFG_H                          
0000021c  PAIFG_L                          
00000200  PAIN                             
00000201  PAIN_H                           
00000200  PAIN_L                           
00000202  PAOUT                            
00000203  PAOUT_H                          
00000202  PAOUT_L                          
00000206  PAREN                            
00000207  PAREN_H                          
00000206  PAREN_L                          
0000020a  PASEL                            
0000020b  PASEL_H                          
0000020a  PASEL_L                          
00000224  PBDIR                            
00000225  PBDIR_H                          
00000224  PBDIR_L                          
00000228  PBDS                             
00000229  PBDS_H                           
00000228  PBDS_L                           
00000220  PBIN                             
00000221  PBIN_H                           
00000220  PBIN_L                           
00000222  PBOUT                            
00000223  PBOUT_H                          
00000222  PBOUT_L                          
00000226  PBREN                            
00000227  PBREN_H                          
00000226  PBREN_L                          
0000022a  PBSEL                            
0000022b  PBSEL_H                          
0000022a  PBSEL_L                          
00000244  PCDIR                            
00000245  PCDIR_H                          
00000244  PCDIR_L                          
00000248  PCDS                             
00000249  PCDS_H                           
00000248  PCDS_L                           
00000240  PCIN                             
00000241  PCIN_H                           
00000240  PCIN_L                           
00000242  PCOUT                            
00000243  PCOUT_H                          
00000242  PCOUT_L                          
00000246  PCREN                            
00000247  PCREN_H                          
00000246  PCREN_L                          
0000024a  PCSEL                            
0000024b  PCSEL_H                          
0000024a  PCSEL_L                          
00000324  PJDIR                            
00000325  PJDIR_H                          
00000324  PJDIR_L                          
00000328  PJDS                             
00000329  PJDS_H                           
00000328  PJDS_L                           
00000320  PJIN                             
00000321  PJIN_H                           
00000320  PJIN_L                           
00000322  PJOUT                            
00000323  PJOUT_H                          
00000322  PJOUT_L                          
00000326  PJREN                            
00000327  PJREN_H                          
00000326  PJREN_L                          
00000130  PM5CTL0                          
00000131  PM5CTL0_H                        
00000130  PM5CTL0_L                        
000001c2  PMAPCTL                          
000001c3  PMAPCTL_H                        
000001c2  PMAPCTL_L                        
000001c0  PMAPKEYID                        
000001c1  PMAPKEYID_H                      
000001c0  PMAPKEYID_L                      
00000120  PMMCTL0                          
00000121  PMMCTL0_H                        
00000120  PMMCTL0_L                        
00000122  PMMCTL1                          
00000123  PMMCTL1_H                        
00000122  PMMCTL1_L                        
0000012c  PMMIFG                           
0000012d  PMMIFG_H                         
0000012c  PMMIFG_L                         
0000012e  PMMRIE                           
0000012f  PMMRIE_H                         
0000012e  PMMRIE_L                         
0000b21a  PWRVBUSoffHandler                
0000b94e  PWRVBUSonHandler                 
00000158  RCCTL0                           
00000159  RCCTL0_H                         
00000158  RCCTL0_L                         
000001b0  REFCTL0                          
000001b1  REFCTL0_H                        
000001b0  REFCTL0_L                        
000004e4  RES0                             
000004e5  RES0_H                           
000004e4  RES0_L                           
000004e6  RES1                             
000004e7  RES1_H                           
000004e6  RES1_L                           
000004e8  RES2                             
000004e9  RES2_H                           
000004e8  RES2_L                           
000004ea  RES3                             
000004eb  RES3_H                           
000004ea  RES3_L                           
000004cc  RESHI                            
000004cd  RESHI_H                          
000004cc  RESHI_L                          
000004ca  RESLO                            
000004cb  RESLO_H                          
000004ca  RESLO_L                          
000004ba  RTCADOWDAY                       
000004bb  RTCADOWDAY_H                     
000004ba  RTCADOWDAY_L                     
000004b8  RTCAMINHR                        
000004b9  RTCAMINHR_H                      
000004b8  RTCAMINHR_L                      
000004a0  RTCCTL01                         
000004a1  RTCCTL01_H                       
000004a0  RTCCTL01_L                       
000004a2  RTCCTL23                         
000004a3  RTCCTL23_H                       
000004a2  RTCCTL23_L                       
000004b4  RTCDATE                          
000004b5  RTCDATE_H                        
000004b4  RTCDATE_L                        
000004ae  RTCIV                            
000004ac  RTCPS                            
000004a8  RTCPS0CTL                        
000004a9  RTCPS0CTL_H                      
000004a8  RTCPS0CTL_L                      
000004aa  RTCPS1CTL                        
000004ab  RTCPS1CTL_H                      
000004aa  RTCPS1CTL_L                      
000004ad  RTCPS_H                          
000004ac  RTCPS_L                          
000004b0  RTCTIM0                          
000004b1  RTCTIM0_H                        
000004b0  RTCTIM0_L                        
000004b2  RTCTIM1                          
000004b3  RTCTIM1_H                        
000004b2  RTCTIM1_L                        
000004b6  RTCYEAR                          
000004b7  RTCYEAR_H                        
000004b6  RTCYEAR_L                        
00004bd0  SCHEDULER_ISR                    
00000100  SFRIE1                           
00000101  SFRIE1_H                         
00000100  SFRIE1_L                         
00000102  SFRIFG1                          
00000103  SFRIFG1_H                        
00000102  SFRIFG1_L                        
00000104  SFRRPCR                          
00000105  SFRRPCR_H                        
00000104  SFRRPCR_L                        
000004ce  SUMEXT                           
000004cf  SUMEXT_H                         
000004ce  SUMEXT_L                         
00000124  SVSMHCTL                         
00000125  SVSMHCTL_H                       
00000124  SVSMHCTL_L                       
00000128  SVSMIO                           
00000129  SVSMIO_H                         
00000128  SVSMIO_L                         
00000126  SVSMLCTL                         
00000127  SVSMLCTL_H                       
00000126  SVSMLCTL_L                       
00000198  SYSBERRIV                        
00000199  SYSBERRIV_H                      
00000198  SYSBERRIV_L                      
00000182  SYSBSLC                          
00000183  SYSBSLC_H                        
00000182  SYSBSLC_L                        
00000180  SYSCTL                           
00000181  SYSCTL_H                         
00000180  SYSCTL_L                         
00000186  SYSJMBC                          
00000187  SYSJMBC_H                        
00000186  SYSJMBC_L                        
00000188  SYSJMBI0                         
00000189  SYSJMBI0_H                       
00000188  SYSJMBI0_L                       
0000018a  SYSJMBI1                         
0000018b  SYSJMBI1_H                       
0000018a  SYSJMBI1_L                       
0000018c  SYSJMBO0                         
0000018d  SYSJMBO0_H                       
0000018c  SYSJMBO0_L                       
0000018e  SYSJMBO1                         
0000018f  SYSJMBO1_H                       
0000018e  SYSJMBO1_L                       
0000019e  SYSRSTIV                         
0000019f  SYSRSTIV_H                       
0000019e  SYSRSTIV_L                       
0000019c  SYSSNIV                          
0000019d  SYSSNIV_H                        
0000019c  SYSSNIV_L                        
0000019a  SYSUNIV                          
0000019b  SYSUNIV_H                        
0000019a  SYSUNIV_L                        
0000b494  SetVCore                         
0000b262  SetupPacketInterruptHandler      
00000352  TA0CCR0                          
00000354  TA0CCR1                          
00000356  TA0CCR2                          
00000358  TA0CCR3                          
0000035a  TA0CCR4                          
00000342  TA0CCTL0                         
00000344  TA0CCTL1                         
00000346  TA0CCTL2                         
00000348  TA0CCTL3                         
0000034a  TA0CCTL4                         
00000340  TA0CTL                           
00000360  TA0EX0                           
0000036e  TA0IV                            
00000350  TA0R                             
00000392  TA1CCR0                          
00000394  TA1CCR1                          
00000396  TA1CCR2                          
00000382  TA1CCTL0                         
00000384  TA1CCTL1                         
00000386  TA1CCTL2                         
00000380  TA1CTL                           
000003a0  TA1EX0                           
000003ae  TA1IV                            
00000390  TA1R                             
00000412  TA2CCR0                          
00000414  TA2CCR1                          
00000416  TA2CCR2                          
00000402  TA2CCTL0                         
00000404  TA2CCTL1                         
00000406  TA2CCTL2                         
00000400  TA2CTL                           
00000420  TA2EX0                           
0000042e  TA2IV                            
00000410  TA2R                             
000003d2  TB0CCR0                          
000003d4  TB0CCR1                          
000003d6  TB0CCR2                          
000003d8  TB0CCR3                          
000003da  TB0CCR4                          
000003dc  TB0CCR5                          
000003de  TB0CCR6                          
000003c2  TB0CCTL0                         
000003c4  TB0CCTL1                         
000003c6  TB0CCTL2                         
000003c8  TB0CCTL3                         
000003ca  TB0CCTL4                         
000003cc  TB0CCTL5                         
000003ce  TB0CCTL6                         
000003c0  TB0CTL                           
000003e0  TB0EX0                           
000003ee  TB0IV                            
000003d0  TB0R                             
000005d0  UCA0ABCTL                        
000005c6  UCA0BRW                          
000005c7  UCA0BRW_H                        
000005c6  UCA0BRW_L                        
000005c0  UCA0CTLW0                        
000005c1  UCA0CTLW0_H                      
000005c0  UCA0CTLW0_L                      
000005dc  UCA0ICTL                         
000005dd  UCA0ICTL_H                       
000005dc  UCA0ICTL_L                       
000005d2  UCA0IRCTL                        
000005d3  UCA0IRCTL_H                      
000005d2  UCA0IRCTL_L                      
000005de  UCA0IV                           
000005c8  UCA0MCTL                         
000005cc  UCA0RXBUF                        
000005ca  UCA0STAT                         
000005ce  UCA0TXBUF                        
00000610  UCA1ABCTL                        
00000606  UCA1BRW                          
00000607  UCA1BRW_H                        
00000606  UCA1BRW_L                        
00000600  UCA1CTLW0                        
00000601  UCA1CTLW0_H                      
00000600  UCA1CTLW0_L                      
0000061c  UCA1ICTL                         
0000061d  UCA1ICTL_H                       
0000061c  UCA1ICTL_L                       
00000612  UCA1IRCTL                        
00000613  UCA1IRCTL_H                      
00000612  UCA1IRCTL_L                      
0000061e  UCA1IV                           
00000608  UCA1MCTL                         
0000060c  UCA1RXBUF                        
0000060a  UCA1STAT                         
0000060e  UCA1TXBUF                        
000005e6  UCB0BRW                          
000005e7  UCB0BRW_H                        
000005e6  UCB0BRW_L                        
000005e0  UCB0CTLW0                        
000005e1  UCB0CTLW0_H                      
000005e0  UCB0CTLW0_L                      
000005f0  UCB0I2COA                        
000005f1  UCB0I2COA_H                      
000005f0  UCB0I2COA_L                      
000005f2  UCB0I2CSA                        
000005f3  UCB0I2CSA_H                      
000005f2  UCB0I2CSA_L                      
000005fc  UCB0ICTL                         
000005fd  UCB0ICTL_H                       
000005fc  UCB0ICTL_L                       
000005fe  UCB0IV                           
000005ec  UCB0RXBUF                        
000005ea  UCB0STAT                         
000005ee  UCB0TXBUF                        
00000626  UCB1BRW                          
00000627  UCB1BRW_H                        
00000626  UCB1BRW_L                        
00000620  UCB1CTLW0                        
00000621  UCB1CTLW0_H                      
00000620  UCB1CTLW0_L                      
00000630  UCB1I2COA                        
00000631  UCB1I2COA_H                      
00000630  UCB1I2COA_L                      
00000632  UCB1I2CSA                        
00000633  UCB1I2CSA_H                      
00000632  UCB1I2CSA_L                      
0000063c  UCB1ICTL                         
0000063d  UCB1ICTL_H                       
0000063c  UCB1ICTL_L                       
0000063e  UCB1IV                           
0000062c  UCB1RXBUF                        
0000062a  UCB1STAT                         
0000062e  UCB1TXBUF                        
00000160  UCSCTL0                          
00000161  UCSCTL0_H                        
00000160  UCSCTL0_L                        
00000162  UCSCTL1                          
00000163  UCSCTL1_H                        
00000162  UCSCTL1_L                        
00000164  UCSCTL2                          
00000165  UCSCTL2_H                        
00000164  UCSCTL2_L                        
00000166  UCSCTL3                          
00000167  UCSCTL3_H                        
00000166  UCSCTL3_L                        
00000168  UCSCTL4                          
00000169  UCSCTL4_H                        
00000168  UCSCTL4_L                        
0000016a  UCSCTL5                          
0000016b  UCSCTL5_H                        
0000016a  UCSCTL5_L                        
0000016c  UCSCTL6                          
0000016d  UCSCTL6_H                        
0000016c  UCSCTL6_L                        
0000016e  UCSCTL7                          
0000016f  UCSCTL7_H                        
0000016e  UCSCTL7_L                        
00000170  UCSCTL8                          
00000171  UCSCTL8_H                        
00000170  UCSCTL8_L                        
00004b78  UNMI_ISR                         
0000ad68  USBCDC_abortReceive              
0000abfe  USBCDC_abortSend                 
0000981e  USBCDC_bytesInUSBBuffer          
0000c352  USBCDC_handleDataReceived        
0000c39c  USBCDC_handleReceiveCompleted    
0000c3a0  USBCDC_handleSendCompleted       
0000c3a4  USBCDC_handleSetControlLineState 
0000c3a8  USBCDC_handleSetLineCoding       
000096a4  USBCDC_intfStatus                
00006572  USBCDC_receiveData               
0000a24e  USBCDC_rejectData                
00009d1c  USBCDC_sendData                  
00000902  USBCNF                           
00000903  USBCNF_H                         
00000902  USBCNF_L                         
0000093c  USBCTL                           
0000a678  USBCommunicationTask             
0000093a  USBFN                            
0000093b  USBFN_H                          
0000093a  USBFN_L                          
0000093f  USBFUNADR                        
0000093d  USBIE                            
00002378  USBIEP0BUF                       
000023c9  USBIEPBBAX_1                     
000023d1  USBIEPBBAX_2                     
000023d9  USBIEPBBAX_3                     
000023e1  USBIEPBBAX_4                     
000023e9  USBIEPBBAX_5                     
000023f1  USBIEPBBAX_6                     
000023f9  USBIEPBBAX_7                     
000023cd  USBIEPBBAY_1                     
000023d5  USBIEPBBAY_2                     
000023dd  USBIEPBBAY_3                     
000023e5  USBIEPBBAY_4                     
000023ed  USBIEPBBAY_5                     
000023f5  USBIEPBBAY_6                     
000023fd  USBIEPBBAY_7                     
000023ca  USBIEPBCTX_1                     
000023d2  USBIEPBCTX_2                     
000023da  USBIEPBCTX_3                     
000023e2  USBIEPBCTX_4                     
000023ea  USBIEPBCTX_5                     
000023f2  USBIEPBCTX_6                     
000023fa  USBIEPBCTX_7                     
000023ce  USBIEPBCTY_1                     
000023d6  USBIEPBCTY_2                     
000023de  USBIEPBCTY_3                     
000023e6  USBIEPBCTY_4                     
000023ee  USBIEPBCTY_5                     
000023f6  USBIEPBCTY_6                     
000023fe  USBIEPBCTY_7                     
00000920  USBIEPCNF_0                      
000023c8  USBIEPCNF_1                      
000023d0  USBIEPCNF_2                      
000023d8  USBIEPCNF_3                      
000023e0  USBIEPCNF_4                      
000023e8  USBIEPCNF_5                      
000023f0  USBIEPCNF_6                      
000023f8  USBIEPCNF_7                      
00000921  USBIEPCNT_0                      
0000092e  USBIEPIE                         
00000930  USBIEPIFG                        
000023cf  USBIEPSIZXY_1                    
000023d7  USBIEPSIZXY_2                    
000023df  USBIEPSIZXY_3                    
000023e7  USBIEPSIZXY_4                    
000023ef  USBIEPSIZXY_5                    
000023f7  USBIEPSIZXY_6                    
000023ff  USBIEPSIZXY_7                    
0000093e  USBIFG                           
00000900  USBKEYID                         
00000901  USBKEYID_H                       
00000900  USBKEYID_L                       
00000936  USBMAINT                         
00000937  USBMAINT_H                       
00000936  USBMAINT_L                       
00002370  USBOEP0BUF                       
00002389  USBOEPBBAX_1                     
00002391  USBOEPBBAX_2                     
00002399  USBOEPBBAX_3                     
000023a1  USBOEPBBAX_4                     
000023a9  USBOEPBBAX_5                     
000023b1  USBOEPBBAX_6                     
000023b9  USBOEPBBAX_7                     
0000238d  USBOEPBBAY_1                     
00002395  USBOEPBBAY_2                     
0000239d  USBOEPBBAY_3                     
000023a5  USBOEPBBAY_4                     
000023ad  USBOEPBBAY_5                     
000023b5  USBOEPBBAY_6                     
000023bd  USBOEPBBAY_7                     
0000238a  USBOEPBCTX_1                     
00002392  USBOEPBCTX_2                     
0000239a  USBOEPBCTX_3                     
000023a2  USBOEPBCTX_4                     
000023aa  USBOEPBCTX_5                     
000023b2  USBOEPBCTX_6                     
000023ba  USBOEPBCTX_7                     
0000238e  USBOEPBCTY_1                     
00002396  USBOEPBCTY_2                     
0000239e  USBOEPBCTY_3                     
000023a6  USBOEPBCTY_4                     
000023ae  USBOEPBCTY_5                     
000023b6  USBOEPBCTY_6                     
000023be  USBOEPBCTY_7                     
00000922  USBOEPCNF_0                      
00002388  USBOEPCNF_1                      
00002390  USBOEPCNF_2                      
00002398  USBOEPCNF_3                      
000023a0  USBOEPCNF_4                      
000023a8  USBOEPCNF_5                      
000023b0  USBOEPCNF_6                      
000023b8  USBOEPCNF_7                      
00000923  USBOEPCNT_0                      
0000092f  USBOEPIE                         
00000931  USBOEPIFG                        
0000238f  USBOEPSIZXY_1                    
00002397  USBOEPSIZXY_2                    
0000239f  USBOEPSIZXY_3                    
000023a7  USBOEPSIZXY_4                    
000023af  USBOEPSIZXY_5                    
000023b7  USBOEPSIZXY_6                    
000023bf  USBOEPSIZXY_7                    
00000904  USBPHYCTL                        
00000905  USBPHYCTL_H                      
00000904  USBPHYCTL_L                      
00000910  USBPLLCTL                        
00000911  USBPLLCTL_H                      
00000910  USBPLLCTL_L                      
00000912  USBPLLDIVB                       
00000913  USBPLLDIVB_H                     
00000912  USBPLLDIVB_L                     
00000914  USBPLLIR                         
00000915  USBPLLIR_H                       
00000914  USBPLLIR_L                       
00000908  USBPWRCTL                        
00000909  USBPWRCTL_H                      
00000908  USBPWRCTL_L                      
00001c00  USBSTABUFF                       
00002380  USBSUBLK                         
0000236f  USBTOPBUFF                       
00000938  USBTSREG                         
00000939  USBTSREG_H                       
00000938  USBTSREG_L                       
00000932  USBVECINT                        
00000933  USBVECINT_H                      
00000932  USBVECINT_L                      
00009346  USB_InitSerialStringDescriptor   
00002614  USB_RX_memcpy                    
00002618  USB_TX_memcpy                    
0000c096  USB_connect                      
0000bb52  USB_connectionInfo               
00009db2  USB_connectionState              
0000be9c  USB_disable                      
00009e48  USB_enable                       
0000c372  USB_getVersion                   
0000c3ac  USB_handleClockEvent             
0000c3b0  USB_handleEnumCompleteEvent      
0000c3b4  USB_handleResetEvent             
0000c3b8  USB_handleResumeEvent            
0000c3bc  USB_handleSuspendEvent           
0000c35a  USB_handleVbusOffEvent           
0000c1b2  USB_handleVbusOnEvent            
0000aad2  USB_init                         
0000b8a6  USB_initMemcpy                   
00008548  USB_reset                        
0000c0e4  USB_resume                       
0000c362  USB_setEnabledEvents             
0000ba5a  USB_suspend                      
00004a9e  USCI_B1_ISR                      
00002836  VERSION                          
0000015c  WDTCTL                           
0000015d  WDTCTL_H                         
0000015c  WDTCTL_L                         
0000bb82  XT2_Start                        
0000b612  XT2_Start_Timeout                
0000c36a  XT2_Stop                         
0000afb6  _Dclass                          
00002702  _Denorm                          
00009062  _Dnorm                           
000083a8  _Dscale                          
0000a764  _Dunscale                        
00002712  _Eps                             
0000284c  _Errno                           
0000281c  _Fenv                            
0000ba8c  _Feraise                         
00002722  _Hugeval                         
00002732  _Inf                             
00002742  _Nan                             
00002762  _Rteps                           
00002752  _Snan                            
00002820  _Tls_setup__Fenv                 
00002772  _Xbig                            
0000277a  _Zero                            
00004400  __STACK_END                      
000000a0  __STACK_SIZE                     
0000c4cc  __TI_CINIT_Base                  
0000c4ec  __TI_CINIT_Limit                 
0000c4ae  __TI_Handler_Table_Base          
0000c4ba  __TI_Handler_Table_Limit         
UNDEFED   __TI_INITARRAY_Base              
UNDEFED   __TI_INITARRAY_Limit             
00004bf2  __TI_ISR_TRAP                    
0000b748  __TI_decompress_none             
0000c2c4  __TI_decompress_rle24            
00007328  __TI_frcaddd                     
00005964  __TI_frcdivd                     
0000685a  __TI_frcmpyd                     
0000ffd2  __TI_int41                       
0000ffd4  __TI_int42                       
0000ffd6  __TI_int43                       
0000ffd8  __TI_int44                       
0000ffda  __TI_int45                       
0000ffdc  __TI_int46                       
0000ffde  __TI_int47                       
0000ffe0  __TI_int48                       
0000ffe2  __TI_int49                       
0000ffe4  __TI_int50                       
0000ffe6  __TI_int51                       
0000ffe8  __TI_int52                       
0000ffea  __TI_int53                       
0000ffec  __TI_int54                       
0000ffee  __TI_int55                       
0000fff0  __TI_int56                       
0000fff2  __TI_int57                       
0000fff4  __TI_int58                       
0000fff6  __TI_int59                       
0000fff8  __TI_int60                       
0000fffa  __TI_int61                       
0000fffc  __TI_int62                       
000081d6  __TI_printfi                     
0000976c  __TI_renormd                     
0000b650  __TI_zero_init                   
ffffffff  __binit__                        
ffffffff  __c_args__                       
0000b4d4  __memcpy_far                     
00006b3e  __mspabi_addd                    
00009422  __mspabi_cmpd                    
000077be  __mspabi_divd                    
0000b554  __mspabi_divli                   
0000c15a  __mspabi_divu                    
0000acb8  __mspabi_divul                   
000061d8  __mspabi_divull                  
0000bd46  __mspabi_fixdi                   
0000ab38  __mspabi_fixdli                  
0000c2fc  __mspabi_fltid                   
00009f74  __mspabi_fltlid                  
000070a8  __mspabi_mpyd                    
0000c170  __mspabi_mpyi_f5hw               
0000bf02  __mspabi_mpyl_f5hw               
0000bcc8  __mspabi_negd                    
0000b554  __mspabi_remli                   
0000c15a  __mspabi_remu                    
0000acb8  __mspabi_remul                   
0000c334  __mspabi_slli                    
0000c2a4  __mspabi_slll                    
0000b704  __mspabi_slll_1                  
0000b6e0  __mspabi_slll_10                 
0000b6dc  __mspabi_slll_11                 
0000b6d8  __mspabi_slll_12                 
0000b6d4  __mspabi_slll_13                 
0000b6d0  __mspabi_slll_14                 
0000b6cc  __mspabi_slll_15                 
0000b700  __mspabi_slll_2                  
0000b6fc  __mspabi_slll_3                  
0000b6f8  __mspabi_slll_4                  
0000b6f4  __mspabi_slll_5                  
0000b6f0  __mspabi_slll_6                  
0000b6ec  __mspabi_slll_7                  
0000b6e8  __mspabi_slll_8                  
0000b6e4  __mspabi_slll_9                  
0000b7c0  __mspabi_sllll                   
0000c294  __mspabi_sral                    
0000b6c6  __mspabi_sral_1                  
0000b6a2  __mspabi_sral_10                 
0000b69e  __mspabi_sral_11                 
0000b69a  __mspabi_sral_12                 
0000b696  __mspabi_sral_13                 
0000b692  __mspabi_sral_14                 
0000b68e  __mspabi_sral_15                 
0000b6c2  __mspabi_sral_2                  
0000b6be  __mspabi_sral_3                  
0000b6ba  __mspabi_sral_4                  
0000b6b6  __mspabi_sral_5                  
0000b6b2  __mspabi_sral_6                  
0000b6ae  __mspabi_sral_7                  
0000b6aa  __mspabi_sral_8                  
0000b6a6  __mspabi_sral_9                  
0000c33e  __mspabi_srli                    
0000c2b4  __mspabi_srll                    
0000b742  __mspabi_srll_1                  
0000b71e  __mspabi_srll_10                 
0000b71a  __mspabi_srll_11                 
0000b716  __mspabi_srll_12                 
0000b712  __mspabi_srll_13                 
0000b70e  __mspabi_srll_14                 
0000b70a  __mspabi_srll_15                 
0000b73e  __mspabi_srll_2                  
0000b73a  __mspabi_srll_3                  
0000b736  __mspabi_srll_4                  
0000b732  __mspabi_srll_5                  
0000b72e  __mspabi_srll_6                  
0000b72a  __mspabi_srll_7                  
0000b726  __mspabi_srll_8                  
0000b722  __mspabi_srll_9                  
0000b7fa  __mspabi_srlll                   
0000bc40  __mspabi_subd                    
0000a57c  _auto_init_hold_wdt              
00004bb6  _c_int00_noargs_noexit           
0000450a  _ctypes_                         
0000283c  _lock                            
0000c3c4  _nop                             
0000fffe  _reset_vector                    
00004360  _stack                           
0000c320  _system_pre_init                 
00002840  _unlock                          
[...]
0000093a  USBFN                            
0000093a  USBFN_L                          
0000093b  USBFN_H                          
0000093c  USBCTL                           
0000093d  USBIE                            
0000093e  USBIFG                           
0000093f  USBFUNADR                        
00001800  FlashConfig                      
00001880  FlashSerial                      
00001c00  USBSTABUFF                       
00001c00  pbXBufferAddressEp1              
00001c40  pbYBufferAddressEp1              
00001c80  pbXBufferAddressEp81             
00001cc0  pbYBufferAddressEp81             
00001d00  pbXBufferAddressEp2              
00001d40  pbYBufferAddressEp2              
00001d80  pbXBufferAddressEp82             
00001dc0  pbYBufferAddressEp82             
00001e00  pbXBufferAddressEp3              
00001e40  pbYBufferAddressEp3              
00001e80  pbXBufferAddressEp83             
00001ec0  pbYBufferAddressEp83             
00001f00  pbXBufferAddressEp4              
00001f40  pbYBufferAddressEp4              
00001f80  pbXBufferAddressEp84             
00001fc0  pbYBufferAddressEp84             
00002000  pbXBufferAddressEp5              
00002040  pbYBufferAddressEp5              
00002080  pbXBufferAddressEp85             
000020c0  pbYBufferAddressEp85             
00002100  pbXBufferAddressEp6              
00002140  pbYBufferAddressEp6              
00002180  pbXBufferAddressEp86             
000021c0  pbYBufferAddressEp86             
00002200  pbXBufferAddressEp7              
00002240  pbYBufferAddressEp7              
00002280  pbXBufferAddressEp87             
000022c0  pbYBufferAddressEp87             
0000236f  USBTOPBUFF                       
00002370  USBOEP0BUF                       
00002370  abOEP0Buffer                     
00002378  USBIEP0BUF                       
00002378  abIEP0Buffer                     
00002380  USBSUBLK                         
00002380  tSetupPacket                     
00002388  USBOEPCNF_1                      
00002388  tOutputEndPointDescriptorBlock   
00002389  USBOEPBBAX_1                     
0000238a  USBOEPBCTX_1                     
0000238d  USBOEPBBAY_1                     
0000238e  USBOEPBCTY_1                     
0000238f  USBOEPSIZXY_1                    
00002390  USBOEPCNF_2                      
00002391  USBOEPBBAX_2                     
00002392  USBOEPBCTX_2                     
00002395  USBOEPBBAY_2                     
00002396  USBOEPBCTY_2                     
00002397  USBOEPSIZXY_2                    
00002398  USBOEPCNF_3                      
00002399  USBOEPBBAX_3                     
0000239a  USBOEPBCTX_3                     
0000239d  USBOEPBBAY_3                     
0000239e  USBOEPBCTY_3                     
0000239f  USBOEPSIZXY_3                    
000023a0  USBOEPCNF_4                      
000023a1  USBOEPBBAX_4                     
000023a2  USBOEPBCTX_4                     
000023a5  USBOEPBBAY_4                     
000023a6  USBOEPBCTY_4                     
000023a7  USBOEPSIZXY_4                    
000023a8  USBOEPCNF_5                      
000023a9  USBOEPBBAX_5                     
000023aa  USBOEPBCTX_5                     
000023ad  USBOEPBBAY_5                     
000023ae  USBOEPBCTY_5                     
000023af  USBOEPSIZXY_5                    
000023b0  USBOEPCNF_6                      
000023b1  USBOEPBBAX_6                     
000023b2  USBOEPBCTX_6                     
000023b5  USBOEPBBAY_6                     
000023b6  USBOEPBCTY_6                     
000023b7  USBOEPSIZXY_6                    
000023b8  USBOEPCNF_7                      
000023b9  USBOEPBBAX_7                     
000023ba  USBOEPBCTX_7                     
000023bd  USBOEPBBAY_7                     
000023be  USBOEPBCTY_7                     
000023bf  USBOEPSIZXY_7                    
000023c8  USBIEPCNF_1                      
000023c8  tInputEndPointDescriptorBlock    
000023c9  USBIEPBBAX_1                     
000023ca  USBIEPBCTX_1                     
000023cd  USBIEPBBAY_1                     
000023ce  USBIEPBCTY_1                     
000023cf  USBIEPSIZXY_1                    
000023d0  USBIEPCNF_2                      
000023d1  USBIEPBBAX_2                     
000023d2  USBIEPBCTX_2                     
000023d5  USBIEPBBAY_2                     
000023d6  USBIEPBCTY_2                     
000023d7  USBIEPSIZXY_2                    
000023d8  USBIEPCNF_3                      
000023d9  USBIEPBBAX_3                     
000023da  USBIEPBCTX_3                     
000023dd  USBIEPBBAY_3                     
000023de  USBIEPBCTY_3                     
000023df  USBIEPSIZXY_3                    
000023e0  USBIEPCNF_4                      
000023e1  USBIEPBBAX_4                     
000023e2  USBIEPBCTX_4                     
000023e5  USBIEPBBAY_4                     
000023e6  USBIEPBCTY_4                     
000023e7  USBIEPSIZXY_4                    
000023e8  USBIEPCNF_5                      
000023e9  USBIEPBBAX_5                     
000023ea  USBIEPBCTX_5                     
000023ed  USBIEPBBAY_5                     
000023ee  USBIEPBCTY_5                     
000023ef  USBIEPSIZXY_5                    
000023f0  USBIEPCNF_6                      
000023f1  USBIEPBBAX_6                     
000023f2  USBIEPBCTX_6                     
000023f5  USBIEPBBAY_6                     
000023f6  USBIEPBCTY_6                     
000023f7  USBIEPSIZXY_6                    
000023f8  USBIEPCNF_7                      
000023f9  USBIEPBBAX_7                     
000023fa  USBIEPBCTX_7                     
000023fd  USBIEPBBAY_7                     
000023fe  USBIEPBCTY_7                     
000023ff  USBIEPSIZXY_7                    
00002536  abramSerialStringDescriptor      
00002604  abUsbRequestIncomingData         
0000260c  abUsbRequestReturnData           
00002614  USB_RX_memcpy                    
00002618  USB_TX_memcpy                    
00002624  timer_ticks                      
00002628  HOST_CONTROLLER_TYPE             
0000262a  host_devices                     
00002638  wBytesRemainingOnIEP0            
0000263a  wBytesRemainingOnOEP0            
0000263c  wUsbEventMask                    
00002645  bStatusAction                    
00002647  default_addr                     
00002649  evm_device                       
0000264a  evm_device_channels              
0000264b  evm_device_series                
0000264c  evm_rev                          
00002651  usb_led_flag                     
00002702  _Denorm                          
00002712  _Eps                             
00002722  _Hugeval                         
00002732  _Inf                             
00002742  _Nan                             
00002752  _Snan                            
00002762  _Rteps                           
00002772  _Xbig                            
0000277a  _Zero                            
000027c8  EVM_STR_FDC2114                  
000027d4  EVM_STR_FDC2214                  
000027e0  EVM_STR_LDC1312                  
000027ec  EVM_STR_LDC1314                  
000027f8  EVM_STR_LDC1612                  
00002804  EVM_STR_LDC1614                  
00002810  EVM_STR_UNKNOWN                  
0000281c  _Fenv                            
00002820  _Tls_setup__Fenv                 
0000282c  HOST_CMD_STREAM_WHITELIST        
00002833  bFunctionSuspended               
00002834  bEnumerationStatus               
00002836  VERSION                          
00002838  HOST_FIRMWARE_VERSION            
0000283c  _lock                            
00002840  _unlock                          
00002848  bCDCDataReceived_event           
0000284a  usbEvents                        
0000284c  _Errno                           
00004360  _stack                           
00004400  __STACK_END                      
00004400  tUsbRequestList                  
0000450a  _ctypes_                         
000047e0  abromStringDescriptor            
00004876  abromConfigurationDescriptorGroup
00004944  abromDeviceDescriptor            
00004956  stUsbHandle                      
00004966  iUsbInterruptHandler             
00004a9e  USCI_B1_ISR                      
00004b78  UNMI_ISR                         
00004bb6  _c_int00_noargs_noexit           
00004bd0  SCHEDULER_ISR                    
00004be2  DRDY                             
00004bf2  __TI_ISR_TRAP                    
00005964  __TI_frcdivd                     
00005db6  evm_init                         
000061d8  __mspabi_divull                  
00006572  USBCDC_receiveData               
0000685a  __TI_frcmpyd                     
00006b3e  __mspabi_addd                    
00006e14  CdcToHostFromBuffer              
000070a8  __mspabi_mpyd                    
00007328  __TI_frcaddd                     
000077be  __mspabi_divd                    
000081d6  __TI_printfi                     
000083a8  _Dscale                          
00008548  USB_reset                        
00008880  CdcToBufferFromHost              
00008ccc  processCmdPacket                 
00008f5a  pll_init                         
00009062  _Dnorm                           
00009346  USB_InitSerialStringDescriptor   
00009422  __mspabi_cmpd                    
000096a4  USBCDC_intfStatus                
0000976c  __TI_renormd                     
0000981e  USBCDC_bytesInUSBBuffer          
00009b4e  CopyUsbToBuff                    
00009c84  usbGetLineCoding                 
00009d1c  USBCDC_sendData                  
00009db2  USB_connectionState              
00009e48  USB_enable                       
00009f74  __mspabi_fltlid                  
0000a09c  L_Sample                         
0000a12e  usbDecodeAndProcessUsbRequest    
0000a24e  USBCDC_rejectData                
0000a364  usbGetEndpointStatus             
0000a476  evm_processDRDY                  
0000a4fa  ldexp                            
0000a57c  _auto_init_hold_wdt              
0000a5fc  ltoa                             
0000a678  USBCommunicationTask             
0000a764  _Dunscale                        
0000a7d6  cdcSendDataWaitTilDone           
0000a848  Handler_SetLineCoding            
0000a8b8  evm_LED_Set                      
0000a926  initHostInterface                
0000a992  usbSendNextPacketOnIEP0          
0000a9fe  cdcSendDataInBackground          
0000aa68  smbus_readWord                   
0000aad2  USB_init                         
0000ab38  __mspabi_fixdli                  
0000ab9e  smbus_writeWord                  
0000abfe  USBCDC_abortSend                 
0000ac5c  LDC16_13_Evm_Test_Routine        
0000acb8  __mspabi_divul                   
0000acb8  __mspabi_remul                   
0000ad68  USBCDC_abortReceive              
0000adbe  main                             
0000ae14  smbus_writeByte                  
0000ae6a  addTask                          
0000aebe  i2c_readBytes                    
0000af12  atoi                             
0000af64  smbus_readBytes                  
0000afb6  _Dclass                          
0000b006  usbReceiveNextPacketOnOEP0       
0000b056  i2c_ready                        
0000b0a4  i2c_writeBytes                   
0000b0f0  init_Clock_prePLL                
0000b13c  Get_TLV_Info                     
0000b186  removeTask                       
0000b1d0  taskStreamExecute                
0000b21a  PWRVBUSoffHandler                
0000b262  SetupPacketInterruptHandler      
0000b33a  usbSetEndpointFeature            
0000b3c8  usbGetStringDescriptor           
0000b494  SetVCore                         
0000b4d4  __memcpy_far                     
0000b514  frexp                            
0000b554  __mspabi_divli                   
0000b554  __mspabi_remli                   
0000b594  usbClearEndpointFeature          
0000b5d4  CdcResetData                     
0000b612  XT2_Start_Timeout                
0000b650  __TI_zero_init                   
0000b68e  __mspabi_sral_15                 
0000b692  __mspabi_sral_14                 
0000b696  __mspabi_sral_13                 
0000b69a  __mspabi_sral_12                 
0000b69e  __mspabi_sral_11                 
0000b6a2  __mspabi_sral_10                 
0000b6a6  __mspabi_sral_9                  
0000b6aa  __mspabi_sral_8                  
0000b6ae  __mspabi_sral_7                  
0000b6b2  __mspabi_sral_6                  
0000b6b6  __mspabi_sral_5                  
0000b6ba  __mspabi_sral_4                  
0000b6be  __mspabi_sral_3                  
0000b6c2  __mspabi_sral_2                  
0000b6c6  __mspabi_sral_1                  
0000b6cc  __mspabi_slll_15                 
0000b6d0  __mspabi_slll_14                 
0000b6d4  __mspabi_slll_13                 
0000b6d8  __mspabi_slll_12                 
0000b6dc  __mspabi_slll_11                 
0000b6e0  __mspabi_slll_10                 
0000b6e4  __mspabi_slll_9                  
0000b6e8  __mspabi_slll_8                  
0000b6ec  __mspabi_slll_7                  
0000b6f0  __mspabi_slll_6                  
0000b6f4  __mspabi_slll_5                  
0000b6f8  __mspabi_slll_4                  
0000b6fc  __mspabi_slll_3                  
0000b700  __mspabi_slll_2                  
0000b704  __mspabi_slll_1                  
0000b70a  __mspabi_srll_15                 
0000b70e  __mspabi_srll_14                 
0000b712  __mspabi_srll_13                 
0000b716  __mspabi_srll_12                 
0000b71a  __mspabi_srll_11                 
0000b71e  __mspabi_srll_10                 
0000b722  __mspabi_srll_9                  
0000b726  __mspabi_srll_8                  
0000b72a  __mspabi_srll_7                  
0000b72e  __mspabi_srll_6                  
0000b732  __mspabi_srll_5                  
0000b736  __mspabi_srll_4                  
0000b73a  __mspabi_srll_3                  
0000b73e  __mspabi_srll_2                  
0000b742  __mspabi_srll_1                  
0000b748  __TI_decompress_none             
0000b7c0  __mspabi_sllll                   
0000b7fa  __mspabi_srlll                   
0000b86e  OEP0InterruptHandler             
0000b8a6  USB_initMemcpy                   
0000b8de  sprintf                          
0000b94e  PWRVBUSonHandler                 
0000b984  executeTasks                     
0000b9f0  signal                           
0000ba26  evm_changeAddr                   
0000ba5a  USB_suspend                      
0000ba8c  _Feraise                         
0000baf0  raise                            
0000bb22  InitMCU                          
0000bb52  USB_connectionInfo               
0000bb82  XT2_Start                        
0000bbb2  feraiseexcept                    
0000bbe2  memcpyDMA0                       
0000bc12  FlashWrite_8                     
0000bc40  __mspabi_subd                    
0000bc6e  removeAllTasks                   
0000bc9c  evm_readFreq                     
0000bcc8  __mspabi_negd                    
0000bd1c  usbGetDeviceStatus               
0000bd46  __mspabi_fixdi                   
0000bd96  i2c_setup                        
0000bdbe  addMenuItem                      
0000bde4  executeMenuItem                  
0000be0a  i2c_setClock                     
0000be30  Flash_SegmentErase               
0000be54  usbDisableInEndpointInterrupt    
0000be78  usbDisableOutEndpointInterrupt   
0000be9c  USB_disable                      
0000bebe  initMenuItems                    
0000bee0  memcpyV                          
0000bf02  __mspabi_mpyl_f5hw               
0000bf24  sendString                       
0000bf46  usbSendDataPacketOnEP0           
0000bf68  evm_readDefaults                 
0000bf88  usbSetAddress                    
0000bfa8  usbSetConfiguration              
0000bfc8  calcCRC8                         
0000bfe6  evm_saveDefaults                 
0000c004  usbGetInterface                  
0000c022  usbGetInterfaceStatus            
0000c05e  IEP0InterruptHandler             
0000c096  USB_connect                      
0000c0b0  memccpy                          
0000c0ca  strchr                           
0000c0e4  USB_resume                       
0000c114  usbClearDeviceFeature            
0000c12c  usbSetDeviceFeature              
0000c144  Init_Clock                       
0000c15a  __mspabi_divu                    
0000c15a  __mspabi_remu                    
0000c170  __mspabi_mpyi_f5hw               
0000c186  usbGetConfigurationDescriptor    
0000c19c  usbGetDeviceDescriptor           
0000c1b2  USB_handleVbusOnEvent            
0000c1c6  initScheduler                    
0000c1da  memset                           
0000c1ee  usbGetConfiguration              
0000c202  usbReceiveDataPacketOnEP0        
0000c216  usbSetControlLineState           
0000c22a  CdcIsReceiveInProgress           
0000c24e  memcpy                           
0000c272  usbSetInterface                  
0000c294  __mspabi_sral                    
0000c2a4  __mspabi_slll                    
0000c2b4  __mspabi_srll                    
0000c2c4  __TI_decompress_rle24            
0000c2d2  strlen                           
0000c2e0  usbInvalidRequest                
0000c2ee  usbSendZeroLengthPacketOnIEP0    
0000c2fc  __mspabi_fltid                   
0000c308  toupper                          
0000c314  usbSetLineCoding                 
0000c320  _system_pre_init                 
0000c32a  abs                              
0000c334  __mspabi_slli                    
0000c33e  __mspabi_srli                    
0000c348  usbStallEndpoint0                
0000c352  USBCDC_handleDataReceived        
0000c35a  USB_handleVbusOffEvent           
0000c362  USB_setEnabledEvents             
0000c36a  XT2_Stop                         
0000c372  USB_getVersion                   
0000c378  evm_LED_State                    
0000c37e  menuReadAll                      
0000c384  usbClearOEP0ByteCount            
0000c38a  usbRestoreInEndpointInterrupt    
0000c390  usbRestoreOutEndpointInterrupt   
0000c396  usbStallOEP0                     
0000c39c  USBCDC_handleReceiveCompleted    
0000c3a0  USBCDC_handleSendCompleted       
0000c3a4  USBCDC_handleSetControlLineState 
0000c3a8  USBCDC_handleSetLineCoding       
0000c3ac  USB_handleClockEvent             
0000c3b0  USB_handleEnumCompleteEvent      
0000c3b4  USB_handleResetEvent             
0000c3b8  USB_handleResumeEvent            
0000c3bc  USB_handleSuspendEvent           
0000c3c0  C$$EXIT                          
0000c3c0  abort                            
0000c3c4  _nop                             
0000c4ae  __TI_Handler_Table_Base          
0000c4ba  __TI_Handler_Table_Limit         
0000c4cc  __TI_CINIT_Base                  
0000c4ec  __TI_CINIT_Limit                 
0000ffd2  __TI_int41                       
0000ffd4  __TI_int42                       
0000ffd6  __TI_int43                       
0000ffd8  __TI_int44                       
0000ffda  __TI_int45                       
0000ffdc  __TI_int46                       
0000ffde  __TI_int47                       
0000ffe0  __TI_int48                       
0000ffe2  __TI_int49                       
0000ffe4  __TI_int50                       
0000ffe6  __TI_int51                       
0000ffe8  __TI_int52                       
0000ffea  __TI_int53                       
0000ffec  __TI_int54                       
0000ffee  __TI_int55                       
0000fff0  __TI_int56                       
0000fff2  __TI_int57                       
0000fff4  __TI_int58                       
0000fff6  __TI_int59                       
0000fff8  __TI_int60                       
0000fffa  __TI_int61                       
0000fffc  __TI_int62                       
0000fffe  _reset_vector                    
ffffffff  __binit__                        
ffffffff  __c_args__                       
ffffffff  binit                            
UNDEFED   __TI_INITARRAY_Base              
UNDEFED   __TI_INITARRAY_Limit             

[1090 symbols]
